This is XeTeX, Version 3.141592653-2.6-0.999997 (TeX Live 2025) (preloaded format=xelatex 2026.2.16)  13 AUG 2026 15:50
entering extended mode
 restricted \write18 enabled.
 %&-line parsing enabled.
**Victory_20_minute_exerciser.tex
(./Victory_20_minute_exerciser.tex
LaTeX2e <2025-11-01>
L3 programming layer <2026-01-19>
(/usr/local/texlive/2025basic/texmf-dist/tex/latex/base/article.cls
Document Class: article 2025/01/22 v1.4n Standard LaTeX document class
(/usr/local/texlive/2025basic/texmf-dist/tex/latex/base/size10.clo
File: size10.clo 2025/01/22 v1.4n Standard LaTeX file (size option)
)
\c@part=\count271
\c@section=\count272
\c@subsection=\count273
\c@subsubsection=\count274
\c@paragraph=\count275
\c@subparagraph=\count276
\c@figure=\count277
\c@table=\count278
\abovecaptionskip=\skip49
\belowcaptionskip=\skip50
\bibindent=\dimen148
)
(/usr/local/texlive/2025basic/texmf-dist/tex/latex/amsmath/amsmath.sty
Package: amsmath 2025/07/09 v2.17z AMS math features
\@mathmargin=\skip51

For additional information on amsmath, use the `?' option.
(/usr/local/texlive/2025basic/texmf-dist/tex/latex/amsmath/amstext.sty
Package: amstext 2024/11/17 v2.01 AMS text

(/usr/local/texlive/2025basic/texmf-dist/tex/latex/amsmath/amsgen.sty
File: amsgen.sty 1999/11/30 v2.0 generic functions
\@emptytoks=\toks17
\ex@=\dimen149
))
(/usr/local/texlive/2025basic/texmf-dist/tex/latex/amsmath/amsbsy.sty
Package: amsbsy 1999/11/29 v1.2d Bold Symbols
\pmbraise@=\dimen150
)
(/usr/local/texlive/2025basic/texmf-dist/tex/latex/amsmath/amsopn.sty
Package: amsopn 2022/04/08 v2.04 operator names
)
\inf@bad=\count279
LaTeX Info: Redefining \frac on input line 233.
\uproot@=\count280
\leftroot@=\count281
LaTeX Info: Redefining \overline on input line 398.
LaTeX Info: Redefining \colon on input line 409.
\classnum@=\count282
\DOTSCASE@=\count283
LaTeX Info: Redefining \ldots on input line 495.
LaTeX Info: Redefining \dots on input line 498.
LaTeX Info: Redefining \cdots on input line 619.
\Mathstrutbox@=\box53
\strutbox@=\box54
LaTeX Info: Redefining \big on input line 721.
LaTeX Info: Redefining \Big on input line 722.
LaTeX Info: Redefining \bigg on input line 723.
LaTeX Info: Redefining \Bigg on input line 724.
\big@size=\dimen151
LaTeX Font Info:    Redeclaring font encoding OML on input line 742.
LaTeX Font Info:    Redeclaring font encoding OMS on input line 743.
\macc@depth=\count284
LaTeX Info: Redefining \bmod on input line 904.
LaTeX Info: Redefining \pmod on input line 909.
LaTeX Info: Redefining \smash on input line 939.
LaTeX Info: Redefining \relbar on input line 969.
LaTeX Info: Redefining \Relbar on input line 970.
\c@MaxMatrixCols=\count285
\dotsspace@=\muskip17
\c@parentequation=\count286
\dspbrk@lvl=\count287
\tag@help=\toks18
\row@=\count288
\column@=\count289
\maxfields@=\count290
\andhelp@=\toks19
\eqnshift@=\dimen152
\alignsep@=\dimen153
\tagshift@=\dimen154
\tagwidth@=\dimen155
\totwidth@=\dimen156
\lineht@=\dimen157
\@envbody=\toks20
\multlinegap=\skip52
\multlinetaggap=\skip53
\mathdisplay@stack=\toks21
LaTeX Info: Redefining \[ on input line 2950.
LaTeX Info: Redefining \] on input line 2951.
)
(/usr/local/texlive/2025basic/texmf-dist/tex/latex/amsfonts/amssymb.sty
Package: amssymb 2013/01/14 v3.01 AMS font symbols

(/usr/local/texlive/2025basic/texmf-dist/tex/latex/amsfonts/amsfonts.sty
Package: amsfonts 2013/01/14 v3.01 Basic AMSFonts support
\symAMSa=\mathgroup4
\symAMSb=\mathgroup5
LaTeX Font Info:    Redeclaring math symbol \hbar on input line 98.
LaTeX Font Info:    Overwriting math alphabet `\mathfrak' in version `bold'
(Font)                  U/euf/m/n --> U/euf/b/n on input line 106.
))
(/usr/local/texlive/2025basic/texmf-dist/tex/latex/amscls/amsthm.sty
Package: amsthm 2020/05/29 v2.20.6
\thm@style=\toks22
\thm@bodyfont=\toks23
\thm@headfont=\toks24
\thm@notefont=\toks25
\thm@headpunct=\toks26
\thm@preskip=\skip54
\thm@postskip=\skip55
\thm@headsep=\skip56
\dth@everypar=\toks27
)
(/usr/local/texlive/2025basic/texmf-dist/tex/latex/mathtools/mathtools.sty
Package: mathtools 2024/10/04 v1.31 mathematical typesetting tools

(/usr/local/texlive/2025basic/texmf-dist/tex/latex/graphics/keyval.sty
Package: keyval 2022/05/29 v1.15 key=value parser (DPC)
\KV@toks@=\toks28
)
(/usr/local/texlive/2025basic/texmf-dist/tex/latex/tools/calc.sty
Package: calc 2025/03/01 v4.3b Infix arithmetic (KKT,FJ)
\calc@Acount=\count291
\calc@Bcount=\count292
\calc@Adimen=\dimen158
\calc@Bdimen=\dimen159
\calc@Askip=\skip57
\calc@Bskip=\skip58
LaTeX Info: Redefining \setlength on input line 86.
LaTeX Info: Redefining \addtolength on input line 87.
\calc@Ccount=\count293
\calc@Cskip=\skip59
)
(/usr/local/texlive/2025basic/texmf-dist/tex/latex/mathtools/mhsetup.sty
Package: mhsetup 2021/03/18 v1.4 programming setup (MH)
)
\g_MT_multlinerow_int=\count294
\l_MT_multwidth_dim=\dimen160
\origjot=\skip60
\l_MT_shortvdotswithinadjustabove_dim=\dimen161
\l_MT_shortvdotswithinadjustbelow_dim=\dimen162
\l_MT_above_intertext_sep=\dimen163
\l_MT_below_intertext_sep=\dimen164
\l_MT_above_shortintertext_sep=\dimen165
\l_MT_below_shortintertext_sep=\dimen166
\xmathstrut@box=\box55
\xmathstrut@dim=\dimen167
)
(/usr/local/texlive/2025basic/texmf-dist/tex/latex/breqn/breqn.sty
(/usr/local/texlive/2025basic/texmf-dist/tex/latex/l3kernel/expl3.sty
Package: expl3 2026-01-19 L3 programming layer (loader) 

(/usr/local/texlive/2025basic/texmf-dist/tex/latex/l3backend/l3backend-xetex.de
f
File: l3backend-xetex.def 2025-10-09 L3 backend support: XeTeX
\g__graphics_track_int=\count295
\g__pdfannot_backend_int=\count296
\g__pdfannot_backend_link_int=\count297
))
Package: breqn 2021/10/28 v0.98l Breaking equations
 (/usr/local/texlive/2025basic/texmf-dist/tex/latex/graphics/graphicx.sty
Package: graphicx 2024/12/31 v1.2e Enhanced LaTeX Graphics (DPC,SPQR)

(/usr/local/texlive/2025basic/texmf-dist/tex/latex/graphics/graphics.sty
Package: graphics 2024/08/06 v1.4g Standard LaTeX Graphics (DPC,SPQR)

(/usr/local/texlive/2025basic/texmf-dist/tex/latex/graphics/trig.sty
Package: trig 2023/12/02 v1.11 sin cos tan (DPC)
)
(/usr/local/texlive/2025basic/texmf-dist/tex/latex/graphics-cfg/graphics.cfg
File: graphics.cfg 2016/06/04 v1.11 sample graphics configuration
)
Package graphics Info: Driver file: xetex.def on input line 106.

(/usr/local/texlive/2025basic/texmf-dist/tex/latex/graphics-def/xetex.def
File: xetex.def 2025/11/01 v5.0p Graphics/color driver for xetex
))
\Gin@req@height=\dimen168
\Gin@req@width=\dimen169
)
(/usr/local/texlive/2025basic/texmf-dist/tex/latex/breqn/flexisym.sty
Package: flexisym 2021/10/28 v0.98l Make math characters macros
LaTeX Info: Redefining \textprime on input line 299.
LaTeX Info: Redefining \not on input line 357.

(/usr/local/texlive/2025basic/texmf-dist/tex/latex/breqn/cmbase.sym
File: cmbase.sym 2007/12/19 v0.92
LaTeX Info: Redefining \hbar on input line 324.
LaTeX Info: Redefining \surd on input line 326.
LaTeX Info: Redefining \angle on input line 334.
LaTeX Info: Redefining \neq on input line 335.
LaTeX Info: Redefining \mapsto on input line 336.
LaTeX Info: Redefining \cong on input line 337.
LaTeX Info: Redefining \notin on input line 340.
LaTeX Info: Redefining \rightleftharpoons on input line 341.
LaTeX Info: Redefining \doteq on input line 342.
LaTeX Info: Redefining \hookrightarrow on input line 343.
LaTeX Info: Redefining \hookleftarrow on input line 344.
LaTeX Info: Redefining \bowtie on input line 345.
LaTeX Info: Redefining \models on input line 346.
LaTeX Info: Redefining \Longrightarrow on input line 347.
LaTeX Info: Redefining \longrightarrow on input line 348.
LaTeX Info: Redefining \Longleftarrow on input line 349.
LaTeX Info: Redefining \longleftarrow on input line 350.
LaTeX Info: Redefining \longmapsto on input line 351.
LaTeX Info: Redefining \longleftrightarrow on input line 352.
LaTeX Info: Redefining \Longleftrightarrow on input line 353.
LaTeX Info: Redefining \cdots on input line 357.
LaTeX Info: Redefining \vdots on input line 360.
LaTeX Info: Redefining \ddots on input line 365.
)
(/usr/local/texlive/2025basic/texmf-dist/tex/latex/breqn/mathstyle.sty
Package: mathstyle 2021/10/28 v0.98l Tracking mathstyle implicitly
LaTeX Info: Redefining \displaystyle on input line 95.
LaTeX Info: Redefining \textstyle on input line 97.
LaTeX Info: Redefining \scriptstyle on input line 99.
LaTeX Info: Redefining \scriptscriptstyle on input line 101.
LaTeX Info: Redefining \genfrac on input line 149.
))
\inf@bad=\count298
\maxint=\count299
\listwidth=\dimen170
\eqnumsep=\dimen171
\eqmargin=\dimen172
\eqlinespacing=\skip61
\eqlineskip=\skip62
\eqlineskiplimit=\dimen173
\eqbinoffset=\muskip18
\eqdelimoffset=\muskip19
\eqindentstep=\dimen174
\eqstyle=\toks29
\eqbreakdepth=\count300
\eqinterlinepenalty=\count301
\intereqpenalty=\count302
\intereqskip=\skip63
\prerelpenalty=\count303
\prebinoppenalty=\count304
\Dmedmuskip=\muskip20
\Dthickmuskip=\muskip21
\eqleftskip=\skip64
\eqrightskip=\skip65
\eq@vspan=\skip66
\eq@binoffset=\muskip22
\EQ@box=\box56
\EQ@copy=\box57
\EQ@numbox=\box58
\eq@wdNum=\dimen175
\GRP@numbox=\box59
\grp@wdNum=\dimen176
\eq@lines=\count305
\eq@curline=\count306
\eq@badness=\count307
\EQ@vims=\count308
\eq@dp=\dimen177
\eq@wdL=\dimen178
\eq@wdT=\dimen179
\eq@wdMin=\dimen180
\grp@wdL=\dimen181
\grp@wdR=\dimen182
\grp@wdT=\dimen183
\eq@wdRmax=\dimen184
\eq@firstht=\dimen185
\eq@wdCond=\dimen186
\eq@indentstep=\dimen187
\eq@linewidth=\dimen188
\grp@linewidth=\dimen189
\eq@hshift=\dimen190
\eq@given@sidespace=\dimen191
\mathindent=\dimen192
\eq@final@linecount=\count309
\eq@wdR=\dimen193
\EQ@continue=\toks30
\lr@level=\count310
\GRP@queue=\toks31
\GRP@box=\box60
\GRP@wholebox=\box61
\darraycolsep=\skip67
\cur@row=\count311
\cur@col=\count312
\conditionsep=\skip68
)
(/usr/local/texlive/2025basic/texmf-dist/tex/latex/base/inputenc.sty
Package: inputenc 2024/02/08 v1.3d Input encoding file
\inpenc@prehook=\toks32
\inpenc@posthook=\toks33


Package inputenc Warning: inputenc package ignored with utf8 based engines.

) (/usr/local/texlive/2025basic/texmf-dist/tex/generic/babel/babel.sty
Package: babel 2026/01/26 v26.2 The multilingual framework for LuaLaTeX, pdfLaT
eX and XeLaTeX
\babel@savecnt=\count313
LaTeX Encoding Info:    Redeclaring text command \ij (encoding OT1) on input li
ne 2078.
LaTeX Encoding Info:    Redeclaring text command \IJ (encoding OT1) on input li
ne 2080.
LaTeX Encoding Info:    Redeclaring text command \ij (encoding T1) on input lin
e 2082.
LaTeX Encoding Info:    Redeclaring text command \IJ (encoding T1) on input lin
e 2083.
LaTeX Encoding Info:    Ignoring declaration for text command \ij (encoding ?) 
on input line 2084.
LaTeX Encoding Info:    Ignoring declaration for text command \IJ (encoding ?) 
on input line 2086.
LaTeX Encoding Info:    Ignoring declaration for text command \SS (encoding ?) 
on input line 2111.
\U@D=\dimen194
\l@unhyphenated=\language23

(/usr/local/texlive/2025basic/texmf-dist/tex/generic/babel/xebabel.def)
\bbl@readstream=\read2
\bbl@dirlevel=\count314

(/usr/local/texlive/2025basic/texmf-dist/tex/generic/babel/locale/en/babel-engl
ish.tex)
Package babel Info: Importing font and identification data for english
(babel)             from babel-en.ini. Reported on input line 4330.

(/usr/local/texlive/2025basic/texmf-dist/tex/generic/babel-english/english.ldf
Language: english 2017/06/06 v3.3r English support from the babel system
Package babel Info: Hyphen rules for 'canadian' set to \l@english
(babel)             (\language0). Reported on input line 102.
Package babel Info: Hyphen rules for 'australian' set to \l@ukenglish
(babel)             (\language7). Reported on input line 105.
Package babel Info: Hyphen rules for 'newzealand' set to \l@ukenglish
(babel)             (\language7). Reported on input line 108.
)) (/usr/local/texlive/2025basic/texmf-dist/tex/latex/base/fontenc.sty
Package: fontenc 2025/07/18 v2.1d Standard LaTeX package
LaTeX Font Info:    Trying to load font information for T1+lmr on input line 11
6.

(/usr/local/texlive/2025basic/texmf-dist/tex/latex/lm/t1lmr.fd
File: t1lmr.fd 2015/05/01 v1.6.1 Font defs for Latin Modern
))
(/usr/local/texlive/2025basic/texmf-dist/tex/latex/fontspec/fontspec.sty
(/usr/local/texlive/2025basic/texmf-dist/tex/latex/l3packages/xparse/xparse.sty
Package: xparse 2025-10-09 L3 Experimental document command parser
)
Package: fontspec 2025/09/29 v2.9g Font selection for XeLaTeX and LuaLaTeX

(/usr/local/texlive/2025basic/texmf-dist/tex/latex/fontspec/fontspec-xetex.sty
Package: fontspec-xetex 2025/09/29 v2.9g Font selection for XeLaTeX and LuaLaTe
X
\l__fontspec_script_int=\count315
\l__fontspec_language_int=\count316
\l__fontspec_strnum_int=\count317
\l__fontspec_tmp_int=\count318
\l__fontspec_tmpa_int=\count319
\l__fontspec_tmpb_int=\count320
\l__fontspec_tmpc_int=\count321
\l__fontspec_em_int=\count322
\l__fontspec_emdef_int=\count323
\l__fontspec_strong_int=\count324
\l__fontspec_strongdef_int=\count325
\l__fontspec_tmpa_dim=\dimen195
\l__fontspec_tmpb_dim=\dimen196
\l__fontspec_tmpc_dim=\dimen197

(/usr/local/texlive/2025basic/texmf-dist/tex/latex/base/fontenc.sty
Package: fontenc 2025/07/18 v2.1d Standard LaTeX package
)
(/usr/local/texlive/2025basic/texmf-dist/tex/latex/fontspec/fontspec.cfg)))

Package fontspec Info: 
(fontspec)             Could not resolve font "EB Garamond/B" (it probably
(fontspec)             doesn't exist).


Package fontspec Info: 
(fontspec)             Font family 'EBGaramond(0)' created for font 'EB
(fontspec)             Garamond' with options
(fontspec)             [Ligatures=TeX,Numbers=OldStyle].
(fontspec)              
(fontspec)              This font family consists of the following NFSS
(fontspec)             series/shapes:
(fontspec)              
(fontspec)             - 'normal' (m/n) with NFSS spec.: <->"EB
(fontspec)             Garamond/OT:script=latn;language=dflt;+onum;mapping=tex-
text;"
(fontspec)             - 'small caps'  (m/sc) with NFSS spec.: <->"EB
(fontspec)             Garamond/OT:script=latn;language=dflt;+onum;+smcp;mappin
g=tex-text;"
(fontspec)             - 'italic' (m/it) with NFSS spec.: <->"EB
(fontspec)             Garamond/I/OT:script=latn;language=dflt;+onum;mapping=te
x-text;"
(fontspec)             - 'italic small caps'  (m/scit) with NFSS spec.: <->"EB
(fontspec)             Garamond/I/OT:script=latn;language=dflt;+onum;+smcp;mapp
ing=tex-text;"
(fontspec)             - 'bold italic' (b/it) with NFSS spec.: <->"EB
(fontspec)             Garamond/BI/OT:script=latn;language=dflt;+onum;mapping=t
ex-text;"
(fontspec)             - 'bold italic small caps'  (b/scit) with NFSS spec.:
(fontspec)             <->"EB
(fontspec)             Garamond/BI/OT:script=latn;language=dflt;+onum;+smcp;map
ping=tex-text;"


Package fontspec Info: 
(fontspec)             Font family 'PlantinMTProBoldCondensed(0)' created for
(fontspec)             font 'Plantin MT Pro Bold Condensed' with options
(fontspec)             [Numbers=OldStyle].
(fontspec)              
(fontspec)              This font family consists of the following NFSS
(fontspec)             series/shapes:
(fontspec)              
(fontspec)             - 'normal' (m/n) with NFSS spec.: <->"Plantin MT Pro
(fontspec)             Bold Condensed/OT:script=latn;language=dflt;+onum;"
(fontspec)             - 'bold' (b/n) with NFSS spec.: <->"Plantin MT Pro Bold
(fontspec)             Condensed/B/OT:script=latn;language=dflt;+onum;"
(fontspec)             - 'italic' (m/it) with NFSS spec.: <->"Plantin MT Pro
(fontspec)             Bold Condensed/I/OT:script=latn;language=dflt;+onum;"
(fontspec)             - 'bold italic' (b/it) with NFSS spec.: <->"Plantin MT
(fontspec)             Pro Bold
(fontspec)             Condensed/BI/OT:script=latn;language=dflt;+onum;"


Package fontspec Info: 
(fontspec)             Font family 'PlantinMTProSemibold(0)' created for font
(fontspec)             'Plantin MT Pro Semibold' with options
(fontspec)             [Numbers=OldStyle].
(fontspec)              
(fontspec)              This font family consists of the following NFSS
(fontspec)             series/shapes:
(fontspec)              
(fontspec)             - 'normal' (m/n) with NFSS spec.: <->"Plantin MT Pro
(fontspec)             Semibold/OT:script=latn;language=dflt;+onum;"
(fontspec)             - 'bold' (b/n) with NFSS spec.: <->"Plantin MT Pro
(fontspec)             Semibold/B/OT:script=latn;language=dflt;+onum;"
(fontspec)             - 'italic' (m/it) with NFSS spec.: <->"Plantin MT Pro
(fontspec)             Semibold/I/OT:script=latn;language=dflt;+onum;"
(fontspec)             - 'bold italic' (b/it) with NFSS spec.: <->"Plantin MT
(fontspec)             Pro Semibold/BI/OT:script=latn;language=dflt;+onum;"


(/usr/local/texlive/2025basic/texmf-dist/tex/latex/hyperref/hyperref.sty
Package: hyperref 2026-01-29 v7.01p Hypertext links for LaTeX

(/usr/local/texlive/2025basic/texmf-dist/tex/generic/iftex/iftex.sty
Package: iftex 2024/12/12 v1.0g TeX engine tests
)
(/usr/local/texlive/2025basic/texmf-dist/tex/latex/kvsetkeys/kvsetkeys.sty
Package: kvsetkeys 2022-10-05 v1.19 Key value parser (HO)
)
(/usr/local/texlive/2025basic/texmf-dist/tex/generic/kvdefinekeys/kvdefinekeys.
sty
Package: kvdefinekeys 2019-12-19 v1.6 Define keys (HO)
)
(/usr/local/texlive/2025basic/texmf-dist/tex/generic/pdfescape/pdfescape.sty
Package: pdfescape 2019/12/09 v1.15 Implements pdfTeX's escape features (HO)

(/usr/local/texlive/2025basic/texmf-dist/tex/generic/ltxcmds/ltxcmds.sty
Package: ltxcmds 2023-12-04 v1.26 LaTeX kernel commands for general use (HO)
)
(/usr/local/texlive/2025basic/texmf-dist/tex/generic/pdftexcmds/pdftexcmds.sty
Package: pdftexcmds 2020-06-27 v0.33 Utility functions of pdfTeX for LuaTeX (HO
)

(/usr/local/texlive/2025basic/texmf-dist/tex/generic/infwarerr/infwarerr.sty
Package: infwarerr 2019/12/03 v1.5 Providing info/warning/error messages (HO)
)
Package pdftexcmds Info: \pdf@primitive is available.
Package pdftexcmds Info: \pdf@ifprimitive is available.
Package pdftexcmds Info: \pdfdraftmode not found.
)) (/usr/local/texlive/2025basic/texmf-dist/tex/latex/hycolor/hycolor.sty
Package: hycolor 2020-01-27 v1.10 Color options for hyperref/bookmark (HO)
)
(/usr/local/texlive/2025basic/texmf-dist/tex/latex/hyperref/nameref.sty
Package: nameref 2026-01-29 v2.58 Cross-referencing by name of section

(/usr/local/texlive/2025basic/texmf-dist/tex/latex/refcount/refcount.sty
Package: refcount 2019/12/15 v3.6 Data extraction from label references (HO)
)
(/usr/local/texlive/2025basic/texmf-dist/tex/generic/gettitlestring/gettitlestr
ing.sty
Package: gettitlestring 2019/12/15 v1.6 Cleanup title references (HO)

(/usr/local/texlive/2025basic/texmf-dist/tex/latex/kvoptions/kvoptions.sty
Package: kvoptions 2022-06-15 v3.15 Key value format for package options (HO)
))
\c@section@level=\count326
)
(/usr/local/texlive/2025basic/texmf-dist/tex/latex/etoolbox/etoolbox.sty
Package: etoolbox 2025/10/02 v2.5m e-TeX tools for LaTeX (JAW)
\etb@tempcnta=\count327
)
(/usr/local/texlive/2025basic/texmf-dist/tex/generic/stringenc/stringenc.sty
Package: stringenc 2019/11/29 v1.12 Convert strings between diff. encodings (HO
)
)
\@linkdim=\dimen198
\Hy@linkcounter=\count328
\Hy@pagecounter=\count329

(/usr/local/texlive/2025basic/texmf-dist/tex/latex/hyperref/pd1enc.def
File: pd1enc.def 2026-01-29 v7.01p Hyperref: PDFDocEncoding definition (HO)
)
(/usr/local/texlive/2025basic/texmf-dist/tex/generic/intcalc/intcalc.sty
Package: intcalc 2019/12/15 v1.3 Expandable calculations with integers (HO)
)
\Hy@SavedSpaceFactor=\count330

(/usr/local/texlive/2025basic/texmf-dist/tex/latex/hyperref/puenc.def
File: puenc.def 2026-01-29 v7.01p Hyperref: PDF Unicode definition (HO)
)
Package hyperref Info: Hyper figures OFF on input line 4201.
Package hyperref Info: Link nesting OFF on input line 4206.
Package hyperref Info: Hyper index ON on input line 4209.
Package hyperref Info: Plain pages OFF on input line 4216.
Package hyperref Info: Backreferencing OFF on input line 4221.
Package hyperref Info: Implicit mode ON; LaTeX internals redefined.
Package hyperref Info: Bookmarks ON on input line 4468.
\c@Hy@tempcnt=\count331

(/usr/local/texlive/2025basic/texmf-dist/tex/latex/url/url.sty
\Urlmuskip=\muskip23
Package: url 2013/09/16  ver 3.4  Verb mode for urls, etc.
)
LaTeX Info: Redefining \url on input line 4807.
\XeTeXLinkMargin=\dimen199

(/usr/local/texlive/2025basic/texmf-dist/tex/generic/bitset/bitset.sty
Package: bitset 2019/12/09 v1.3 Handle bit-vector datatype (HO)

(/usr/local/texlive/2025basic/texmf-dist/tex/generic/bigintcalc/bigintcalc.sty
Package: bigintcalc 2019/12/15 v1.5 Expandable calculations on big integers (HO
)
))
\Fld@menulength=\count332
\Field@Width=\dimen256
\Fld@charsize=\dimen257
Package hyperref Info: Hyper figures OFF on input line 6084.
Package hyperref Info: Link nesting OFF on input line 6089.
Package hyperref Info: Hyper index ON on input line 6092.
Package hyperref Info: backreferencing OFF on input line 6099.
Package hyperref Info: Link coloring OFF on input line 6104.
Package hyperref Info: Link coloring with OCG OFF on input line 6109.
Package hyperref Info: PDF/A mode OFF on input line 6114.
\Hy@abspage=\count333
\c@Item=\count334
\c@Hfootnote=\count335
)
Package hyperref Info: Driver (autodetected): hxetex.
 (/usr/local/texlive/2025basic/texmf-dist/tex/latex/hyperref/hxetex.def
File: hxetex.def 2026-01-29 v7.01p Hyperref driver for XeTeX
\pdfm@box=\box62
\c@Hy@AnnotLevel=\count336
\HyField@AnnotCount=\count337
\Fld@listcount=\count338
\c@bookmark@seq@number=\count339

(/usr/local/texlive/2025basic/texmf-dist/tex/latex/rerunfilecheck/rerunfilechec
k.sty
Package: rerunfilecheck 2025-06-21 v1.11 Rerun checks for auxiliary files (HO)

(/usr/local/texlive/2025basic/texmf-dist/tex/generic/uniquecounter/uniquecounte
r.sty
Package: uniquecounter 2019/12/15 v1.4 Provide unlimited unique counter (HO)
)
Package uniquecounter Info: New unique counter `rerunfilecheck' on input line 2
84.
)
\Hy@SectionHShift=\skip69
) (/usr/local/texlive/2025basic/texmf-dist/tex/latex/tools/multicol.sty
Package: multicol 2025/10/21 v2.0b multicolumn formatting (FMi)
\c@tracingmulticols=\count340
\mult@box=\box63
\multicol@leftmargin=\dimen258
\c@unbalance=\count341
\c@collectmore=\count342
\doublecol@number=\count343
\multicoltolerance=\count344
\multicolpretolerance=\count345
\full@width=\dimen259
\page@free=\dimen260
\premulticols=\dimen261
\postmulticols=\dimen262
\multicolsep=\skip70
\multicolbaselineskip=\skip71
\partial@page=\box64
\last@line=\box65
\mc@boxedresult=\box66
\maxbalancingoverflow=\dimen263
\mult@rightbox=\box67
\mult@grightbox=\box68
\mult@firstbox=\box69
\mult@gfirstbox=\box70
\@tempa=\box71
\@tempa=\box72
\@tempa=\box73
\@tempa=\box74
\@tempa=\box75
\@tempa=\box76
\@tempa=\box77
\@tempa=\box78
\@tempa=\box79
\@tempa=\box80
\@tempa=\box81
\@tempa=\box82
\@tempa=\box83
\@tempa=\box84
\@tempa=\box85
\@tempa=\box86
\@tempa=\box87
\@tempa=\box88
\@tempa=\box89
\@tempa=\box90
\@tempa=\box91
\@tempa=\box92
\@tempa=\box93
\@tempa=\box94
\@tempa=\box95
\@tempa=\box96
\@tempa=\box97
\@tempa=\box98
\@tempa=\box99
\@tempa=\box100
\@tempa=\box101
\@tempa=\box102
\@tempa=\box103
\@tempa=\box104
\@tempa=\box105
\@tempa=\box106
\c@minrows=\count346
\c@columnbadness=\count347
\c@finalcolumnbadness=\count348
\last@try=\dimen264
\multicolovershoot=\dimen265
\multicolundershoot=\dimen266
\mult@nat@firstbox=\box107
\colbreak@box=\box108
\mc@col@check@num=\count349
\g__mc_curr_col_int=\count350
) (/usr/local/texlive/2025basic/texmf-dist/tex/latex/tools/tabularx.sty
Package: tabularx 2023/12/11 v2.12a `tabularx' package (DPC)

(/usr/local/texlive/2025basic/texmf-dist/tex/latex/tools/array.sty
Package: array 2025/09/25 v2.6n Tabular extension package (FMi)
\col@sep=\dimen267
\ar@mcellbox=\box109
\extrarowheight=\dimen268
\NC@list=\toks34
\extratabsurround=\skip72
\backup@length=\skip73
\ar@cellbox=\box110
)
\TX@col@width=\dimen269
\TX@old@table=\dimen270
\TX@old@col=\dimen271
\TX@target=\dimen272
\TX@delta=\dimen273
\TX@cols=\count351
\TX@ftn=\toks35
)
(/usr/local/texlive/2025basic/texmf-dist/tex/latex/enumitem/enumitem.sty
Package: enumitem 2025/02/06 v3.11 Customized lists
\labelindent=\skip74
\enit@outerparindent=\dimen274
\enit@toks=\toks36
\enit@inbox=\box111
\enit@count@id=\count352
\enitdp@description=\count353
)
(/usr/local/texlive/2025basic/texmf-dist/tex/latex/wrapfig/wrapfig.sty
\wrapoverhang=\dimen275
\WF@size=\dimen276
\c@WF@wrappedlines=\count354
\WF@box=\box112
\WF@everypar=\toks37
Package: wrapfig 2003/01/31  v 3.6
)
(/usr/local/texlive/2025basic/texmf-dist/tex/latex/caption/caption.sty
Package: caption 2023/08/05 v3.6o Customizing captions (AR)

(/usr/local/texlive/2025basic/texmf-dist/tex/latex/caption/caption3.sty
Package: caption3 2023/07/31 v2.4d caption3 kernel (AR)
\caption@tempdima=\dimen277
\captionmargin=\dimen278
\caption@leftmargin=\dimen279
\caption@rightmargin=\dimen280
\caption@width=\dimen281
\caption@indent=\dimen282
\caption@parindent=\dimen283
\caption@hangindent=\dimen284
Package caption Info: Standard document class detected.
)
\c@caption@flags=\count355
\c@continuedfloat=\count356
Package caption Info: hyperref package is loaded.
Package caption Info: wrapfig package is loaded.
)
(/usr/local/texlive/2025basic/texmf-dist/tex/latex/xcolor/xcolor.sty
Package: xcolor 2024/09/29 v3.02 LaTeX color extensions (UK)

(/usr/local/texlive/2025basic/texmf-dist/tex/latex/graphics-cfg/color.cfg
File: color.cfg 2016/01/02 v1.6 sample color configuration
)
Package xcolor Info: Driver file: xetex.def on input line 274.

(/usr/local/texlive/2025basic/texmf-dist/tex/latex/graphics/mathcolor.ltx)
Package xcolor Info: Model `cmy' substituted by `cmy0' on input line 1349.
Package xcolor Info: Model `RGB' extended on input line 1365.
Package xcolor Info: Model `HTML' substituted by `rgb' on input line 1367.
Package xcolor Info: Model `Hsb' substituted by `hsb' on input line 1368.
Package xcolor Info: Model `tHsb' substituted by `hsb' on input line 1369.
Package xcolor Info: Model `HSB' substituted by `hsb' on input line 1370.
Package xcolor Info: Model `Gray' substituted by `gray' on input line 1371.
Package xcolor Info: Model `wave' substituted by `hsb' on input line 1372.
)
(/usr/local/texlive/2025basic/texmf-dist/tex/latex/xcolor/svgnam.def
File: svgnam.def 2024/09/29 v3.02 Predefined colors according to SVG 1.1 (UK)
)
(/usr/local/texlive/2025basic/texmf-dist/tex/latex/dirtytalk/dirtytalk.sty
Package: dirtytalk 2010/11/21 A package making "quoting" easier

(/usr/local/texlive/2025basic/texmf-dist/tex/latex/base/ifthen.sty
Package: ifthen 2024/03/16 v1.1e Standard LaTeX ifthen package (DPC)
)
\c@dirtytalk@qdepth=\count357
)
(/usr/local/texlive/2025basic/texmf-dist/tex/latex/lineno/lineno.sty
Package: lineno 2025/05/13 line numbers on paragraphs v5.5
\linenopenalty=\count358
\output=\toks38
\linenoprevgraf=\count359
\linenumbersep=\dimen285
\linenumberwidth=\dimen286
\c@linenumber=\count360
\c@pagewiselinenumber=\count361
\c@LN@truepage=\count362
\c@internallinenumber=\count363
\c@internallinenumbers=\count364
\quotelinenumbersep=\dimen287
\bframerule=\dimen288
\bframesep=\dimen289
\bframebox=\box113
\@LN@amsmath@ams@eqpen=\count365
)
(/usr/local/texlive/2025basic/texmf-dist/tex/latex/tasks/tasks.sty
(/usr/local/texlive/2025basic/texmf-dist/tex/latex/l3packages/xtemplate/xtempla
te.sty
Package: xtemplate 2025-10-09 L3 Experimental prototype document functions
)
Package: tasks 2022/01/08 v1.4a lists with columns filled horizontally
\g__tasks_total_items_int=\count366
\l__tasks_columns_int=\count367
\g__tasks_rows_int=\count368
\g__tasks_current_col_num_int=\count369
\g__tasks_current_row_num_int=\count370
\l__tasks_item_columns_int=\count371
\g__tasks_env_int=\count372
\l__tasks_start_int=\count373
\l__tasks_item_indent_dim=\dimen290
\l__tasks_item_default_indent_dim=\dimen291
\l__tasks_item_width_dim=\dimen292
\l__tasks_label_width_dim=\dimen293
\l__tasks_label_default_width_dim=\dimen294
\l__tasks_label_offset_dim=\dimen295
\l__tasks_label_default_offset_dim=\dimen296
\l__tasks_column_sep_dim=\dimen297
\l__tasks_correction_dim=\dimen298
\l__tasks_full_width_dim=\dimen299
\l__tasks_after_item_skip=\skip75
\l__tasks_custom_after_item_skip=\skip76
\l__tasks_before_list_skip=\skip77
\l__tasks_after_list_skip=\skip78
\l__tasks_item_coffin=\box114
\l__tasks_label_coffin=\box115
\c@task=\count374
\l__tasks_tmpa_int=\count375
\l__tasks_tmpb_int=\count376
\l__tasks_tmpa_coffin=\box116
\l__tasks_tmpa_box=\box117

LaTeX template Info: Declaring template type 'tasks' taking 3 argument(s) on
(template)           line 450.

 (/usr/local/texlive/2025basic/texmf-dist/tex/latex/tasks/tasks.cfg))
(/usr/local/texlive/2025basic/texmf-dist/tex/latex/titlesec/titlesec.sty
Package: titlesec 2025/01/04 v2.17 Sectioning titles
\ttl@box=\box118
\beforetitleunit=\skip79
\aftertitleunit=\skip80
\ttl@plus=\dimen300
\ttl@minus=\dimen301
\ttl@toksa=\toks39
\titlewidth=\dimen302
\titlewidthlast=\dimen303
\titlewidthfirst=\dimen304
)
(/usr/local/texlive/2025basic/texmf-dist/tex/generic/ulem/ulem.sty
\UL@box=\box119
\UL@hyphenbox=\box120
\UL@skip=\skip81
\UL@hook=\toks40
\UL@height=\dimen305
\UL@pe=\count377
\UL@pixel=\dimen306
\ULC@box=\box121
Package: ulem 2019/11/18
\ULdepth=\dimen307
)
(/usr/local/texlive/2025basic/texmf-dist/tex/latex/titling/titling.sty
Package: titling 2009/09/04 v2.1d maketitle typesetting
\thanksmarkwidth=\skip82
\thanksmargin=\skip83
\droptitle=\skip84
)
No file Victory_20_minute_exerciser.aux.
\openout1 = `Victory_20_minute_exerciser.aux'.

LaTeX Font Info:    Checking defaults for OML/cmm/m/it on input line 56.
LaTeX Font Info:    ... okay on input line 56.
LaTeX Font Info:    Checking defaults for OMS/cmsy/m/n on input line 56.
LaTeX Font Info:    ... okay on input line 56.
LaTeX Font Info:    Checking defaults for OT1/cmr/m/n on input line 56.
LaTeX Font Info:    ... okay on input line 56.
LaTeX Font Info:    Checking defaults for T1/cmr/m/n on input line 56.
LaTeX Font Info:    ... okay on input line 56.
LaTeX Font Info:    Checking defaults for TS1/cmr/m/n on input line 56.
LaTeX Font Info:    ... okay on input line 56.
LaTeX Font Info:    Checking defaults for TU/lmr/m/n on input line 56.
LaTeX Font Info:    ... okay on input line 56.
LaTeX Font Info:    Checking defaults for OMX/cmex/m/n on input line 56.
LaTeX Font Info:    ... okay on input line 56.
LaTeX Font Info:    Checking defaults for U/cmr/m/n on input line 56.
LaTeX Font Info:    ... okay on input line 56.
LaTeX Font Info:    Checking defaults for PD1/pdf/m/n on input line 56.
LaTeX Font Info:    ... okay on input line 56.
LaTeX Font Info:    Checking defaults for PU/pdf/m/n on input line 56.
LaTeX Font Info:    ... okay on input line 56.
Package hyperref Info: Link coloring OFF on input line 56.
\@outlinefile=\write3
\openout3 = `Victory_20_minute_exerciser.out'.


Package hyperref Warning: Rerun to get /PageLabels entry.

Package caption Info: Begin \AtBeginDocument code.
Package caption Info: End \AtBeginDocument code.

LaTeX Font Warning: Font shape `TU/EBGaramond(0)/b/n' undefined
(Font)              using `TU/EBGaramond(0)/m/n' instead on input line 66.

LaTeX Font Info:    Trying to load font information for U+msa on input line 98.

(/usr/local/texlive/2025basic/texmf-dist/tex/latex/amsfonts/umsa.fd
File: umsa.fd 2013/01/14 v3.01 AMS symbols A
)
LaTeX Font Info:    Trying to load font information for U+msb on input line 98.


(/usr/local/texlive/2025basic/texmf-dist/tex/latex/amsfonts/umsb.fd
File: umsb.fd 2013/01/14 v3.01 AMS symbols B
) [1

]
Overfull \hbox (32.21016pt too wide) in paragraph at lines 101--102
[]\TU/EBGaramond(0)/b/n/10 Challenge if you finish early: Find one contrast in 
the poem (for example hope/pain, guilt/forgiveness,
 []

[2] (./Victory_20_minute_exerciser.aux)
 ***********
LaTeX2e <2025-11-01>
L3 programming layer <2026-01-19>
 ***********


LaTeX Font Warning: Some font shapes were not available, defaults substituted.


Package rerunfilecheck Warning: File `Victory_20_minute_exerciser.out' has chan
ged.
(rerunfilecheck)                Rerun to get outlines right
(rerunfilecheck)                or use package `bookmark'.

Package rerunfilecheck Info: Checksums for `Victory_20_minute_exerciser.out':
(rerunfilecheck)             Before: <no file>
(rerunfilecheck)             After:  717F71CFEB2213685DC4EFDCEA14BA9C;736.
 ) 
Here is how much of TeX's memory you used:
 18005 strings out of 469708
 342102 string characters out of 5466008
 830069 words of memory out of 5000000
 46379 multiletter control sequences out of 15000+600000
 633124 words of font info for 82 fonts, out of 8000000 for 9000
 319 hyphenation exceptions out of 8191
 72i,5n,93p,564b,485s stack positions out of 10000i,1000n,20000p,200000b,200000s

Output written on Victory_20_minute_exerciser.pdf (2 pages).
