This is LuaHBTeX, Version 1.22.0 (TeX Live 2025)  (format=lualatex 2026.2.16)  18 FEB 2026 07:12
 restricted system commands enabled.
 file:line:error style messages enabled.
**index.tex
(./index.tex
LaTeX2e <2025-11-01>
L3 programming layer <2026-01-19>
Lua module: luaotfload 2024-12-03 v3.29 Lua based OpenType font support
Lua module: lualibs 2023-07-13 v2.76 ConTeXt Lua standard libraries.
Lua module: lualibs-extended 2023-07-13 v2.76 ConTeXt Lua libraries -- extended collection.
luaotfload | conf : Root cache directory is "/Users/andersthaysen/Library/texlive/2025basic/texmf-var/luatex-cache/generic/names".
luaotfload | init : Loading fontloader "fontloader-2023-12-28.lua" from kpse-resolved path "/usr/local/texlive/2025basic/texmf-dist/tex/luatex/luaotfload/fontloader-2023-12-28.lua".
Lua-only attribute luaotfload@noligature = 1
luaotfload | init : Context OpenType loader version 3.134
Inserting `luaotfload.node_processor' in `pre_linebreak_filter'.
Inserting `luaotfload.node_processor' in `hpack_filter'.
Inserting `luaotfload.glyph_stream' in `glyph_stream_provider'.
Inserting `luaotfload.define_font' in `define_font'.
Lua-only attribute luaotfload_color_attribute = 2
luaotfload | conf : Root cache directory is "/Users/andersthaysen/Library/texlive/2025basic/texmf-var/luatex-cache/generic/names".
Inserting `luaotfload.harf.strip_prefix' in `find_opentype_file'.
Inserting `luaotfload.harf.strip_prefix' in `find_truetype_file'.
Removing  `luaotfload.glyph_stream' from `glyph_stream_provider'.
Inserting `luaotfload.harf.glyphstream' in `glyph_stream_provider'.
Inserting `luaotfload.harf.finalize_vlist' in `post_linebreak_filter'.
Inserting `luaotfload.harf.finalize_hlist' in `hpack_filter'.
Inserting `luaotfload.cleanup_files' in `wrapup_run'.
Inserting `luaotfload.harf.finalize_unicode' in `finish_pdffile'.
Inserting `luaotfload.glyphinfo' in `glyph_info'.
Lua-only attribute luaotfload.letterspace_done = 3
Inserting `luaotfload.aux.set_sscale_dimens' in `luaotfload.patch_font'.
Inserting `luaotfload.aux.set_font_index' in `luaotfload.patch_font'.
Inserting `luaotfload.aux.patch_cambria_domh' in `luaotfload.patch_font'.
Inserting `luaotfload.aux.fixup_fontdata' in `luaotfload.patch_font_unsafe'.
Inserting `luaotfload.aux.set_capheight' in `luaotfload.patch_font'.
Inserting `luaotfload.aux.set_xheight' in `luaotfload.patch_font'.
Inserting `luaotfload.rewrite_fontname' in `luaotfload.patch_font'.
Inserting `tracingstacklevels' in `input_level_string'. (/usr/local/texlive/2025basic/texmf-dist/tex/latex/base/book.cls
Document Class: book 2025/01/22 v1.4n Standard LaTeX document class
(/usr/local/texlive/2025basic/texmf-dist/tex/latex/base/bk10.clo
File: bk10.clo 2025/01/22 v1.4n Standard LaTeX file (size option)
luaotfload | db : Font names database loaded from /Users/andersthaysen/Library/texlive/2025basic/texmf-var/luatex-cache/generic/names/luaotfload-names.luc.gz)
\c@part=\count273
\c@chapter=\count274
\c@section=\count275
\c@subsection=\count276
\c@subsubsection=\count277
\c@paragraph=\count278
\c@subparagraph=\count279
\c@figure=\count280
\c@table=\count281
\abovecaptionskip=\skip49
\belowcaptionskip=\skip50
\bibindent=\dimen147
) (/usr/local/texlive/2025basic/texmf-dist/tex/generic/babel/babel.sty
Package: babel 2026/01/26 v26.2 The multilingual framework for LuaLaTeX, pdfLaTeX and XeLaTeX
 (/usr/local/texlive/2025basic/texmf-dist/tex/generic/babel/luababel.def
\bbl@readstream=\read2
\l@dumylang=\language2
Package babel Info: Non-standard hyphenation setup on input line 118.
\l@nohyphenation=\language3
\l@basque=\language4
\l@czech=\language5
\l@danish=\language6
\l@dutch=\language7
\l@ukenglish=\language8
\l@usenglishmax=\language9
\l@finnish=\language10
\l@schoolfinnish=\language11
\l@french=\language12
\l@german=\language13
\l@ngerman=\language14
\l@swissgerman=\language15
\l@hungarian=\language16
\l@italian=\language17
\l@bokmal=\language18
\l@nynorsk=\language19
\l@polish=\language20
\l@portuguese=\language21
\l@spanish=\language22
\l@swedish=\language23
\babelcatcodetablenum=\catcodetable14
\bbl@pattcodes=\catcodetable15
)
\babel@savecnt=\count282
LaTeX Encoding Info:    Redeclaring text command \ij (encoding OT1) on input line 2078.
LaTeX Encoding Info:    Redeclaring text command \IJ (encoding OT1) on input line 2080.
LaTeX Encoding Info:    Redeclaring text command \ij (encoding T1) on input line 2082.
LaTeX Encoding Info:    Redeclaring text command \IJ (encoding T1) on input line 2083.
LaTeX Encoding Info:    Ignoring declaration for text command \ij (encoding ?) on input line 2084.
LaTeX Encoding Info:    Ignoring declaration for text command \IJ (encoding ?) on input line 2086.
LaTeX Encoding Info:    Ignoring declaration for text command \SS (encoding ?) on input line 2111.
\U@D=\dimen148
\l@unhyphenated=\language24
 (/usr/local/texlive/2025basic/texmf-dist/tex/generic/babel/luababel.def
\bbl@attr@locale=\attribute4
) (/usr/local/texlive/2025basic/texmf-dist/tex/generic/babel/locale/en/babel-english.tex)
Package babel Info: Importing font and identification data for english
(babel)             from babel-en.ini. Reported on input line 4330.
 (/usr/local/texlive/2025basic/texmf-dist/tex/generic/babel-english/english.ldf
Language: english 2017/06/06 v3.3r English support from the babel system
Package babel Info: Hyphen rules for 'canadian' set to \l@english
(babel)             (\language0). Reported on input line 102.
Package babel Info: Hyphen rules for 'australian' set to \l@ukenglish
(babel)             (\language8). Reported on input line 105.
Package babel Info: Hyphen rules for 'newzealand' set to \l@ukenglish
(babel)             (\language8). Reported on input line 108.
)) (/usr/local/texlive/2025basic/texmf-dist/tex/latex/geometry/geometry.sty
Package: geometry 2020/01/02 v5.9 Page Geometry
 (/usr/local/texlive/2025basic/texmf-dist/tex/latex/graphics/keyval.sty
Package: keyval 2022/05/29 v1.15 key=value parser (DPC)
\KV@toks@=\toks17
) (/usr/local/texlive/2025basic/texmf-dist/tex/generic/iftex/ifvtex.sty
Package: ifvtex 2019/10/25 v1.7 ifvtex legacy package. Use iftex instead.
 (/usr/local/texlive/2025basic/texmf-dist/tex/generic/iftex/iftex.sty
Package: iftex 2024/12/12 v1.0g TeX engine tests
))
\Gm@cnth=\count283
\Gm@cntv=\count284
\c@Gm@tempcnt=\count285
\Gm@bindingoffset=\dimen149
\Gm@wd@mp=\dimen150
\Gm@odd@mp=\dimen151
\Gm@even@mp=\dimen152
\Gm@layoutwidth=\dimen153
\Gm@layoutheight=\dimen154
\Gm@layouthoffset=\dimen155
\Gm@layoutvoffset=\dimen156
\Gm@dimlist=\toks18
) (/usr/local/texlive/2025basic/texmf-dist/tex/latex/fontspec/fontspec.sty (/usr/local/texlive/2025basic/texmf-dist/tex/latex/l3packages/xparse/xparse.sty (/usr/local/texlive/2025basic/texmf-dist/tex/latex/l3kernel/expl3.sty
Package: expl3 2026-01-19 L3 programming layer (loader) 
 (/usr/local/texlive/2025basic/texmf-dist/tex/latex/l3backend/l3backend-luatex.def
File: l3backend-luatex.def 2025-10-09 L3 backend support: PDF output (LuaTeX)
\l__color_backend_stack_int=\count286
Inserting `l3color' in `luaotfload.parse_color'.))
Package: xparse 2025-10-09 L3 Experimental document command parser
)
Package: fontspec 2025/09/29 v2.9g Font selection for XeLaTeX and LuaLaTeX
Lua module: fontspec 2025/09/29 v2.9g Font selection for XeLaTeX and LuaLaTeX (/usr/local/texlive/2025basic/texmf-dist/tex/latex/fontspec/fontspec-luatex.sty
Package: fontspec-luatex 2025/09/29 v2.9g Font selection for XeLaTeX and LuaLaTeX
\l__fontspec_script_int=\count287
\l__fontspec_language_int=\count288
\l__fontspec_strnum_int=\count289
\l__fontspec_tmp_int=\count290
\l__fontspec_tmpa_int=\count291
\l__fontspec_tmpb_int=\count292
\l__fontspec_tmpc_int=\count293
\l__fontspec_em_int=\count294
\l__fontspec_emdef_int=\count295
\l__fontspec_strong_int=\count296
\l__fontspec_strongdef_int=\count297
\l__fontspec_tmpa_dim=\dimen157
\l__fontspec_tmpb_dim=\dimen158
\l__fontspec_tmpc_dim=\dimen159
 (/usr/local/texlive/2025basic/texmf-dist/tex/latex/base/fontenc.sty
Package: fontenc 2025/07/18 v2.1d Standard LaTeX package
) (/usr/local/texlive/2025basic/texmf-dist/tex/latex/fontspec/fontspec.cfg)))
luaotfload | cache : Lookup cache loaded from /Users/andersthaysen/Library/texlive/2025basic/texmf-var/luatex-cache/generic/names/luaotfload-lookup-cache.luc.

Package fontspec Info: 
(fontspec)             Could not resolve font "Plantin MT Pro Semibold/I" (it
(fontspec)             probably doesn't exist).


Package fontspec Info: 
(fontspec)             Could not resolve font "EB Garamond/BI" (it probably
(fontspec)             doesn't exist).


Package fontspec Info: 
(fontspec)             Font family 'EBGaramond(0)' created for font 'EB
(fontspec)             Garamond' with options
(fontspec)             [Ligatures=TeX,Numbers=OldStyle,BoldFont={Plantin MT
(fontspec)             Pro Semibold}].
(fontspec)              
(fontspec)              This font family consists of the following NFSS
(fontspec)             series/shapes:
(fontspec)              
(fontspec)             - 'normal' (m/n) with NFSS spec.: <->"name:EB
(fontspec)             Garamond:mode=node;script=latn;language=dflt;+tlig;+onum;"
(fontspec)             - 'small caps'  (m/sc) with NFSS spec.: <->"name:EB
(fontspec)             Garamond:mode=node;script=latn;language=dflt;+tlig;+onum;+smcp;"
(fontspec)             - 'bold' (b/n) with NFSS spec.: <->"name:Plantin MT Pro
(fontspec)             Semibold:mode=node;script=latn;language=dflt;+tlig;+onum;"
(fontspec)             - 'italic' (m/it) with NFSS spec.: <->"name:EB
(fontspec)             Garamond/I:mode=node;script=latn;language=dflt;+tlig;+onum;"
(fontspec)             - 'italic small caps'  (m/scit) with NFSS spec.:
(fontspec)             <->"name:EB
(fontspec)             Garamond/I:mode=node;script=latn;language=dflt;+tlig;+onum;+smcp;"


Package fontspec Info: 
(fontspec)             Could not resolve font "Plantin MT Pro Bold
(fontspec)             Condensed/BI" (it probably doesn't exist).


Package fontspec Info: 
(fontspec)             Could not resolve font "Plantin MT Pro Bold
(fontspec)             Condensed/B" (it probably doesn't exist).


Package fontspec Info: 
(fontspec)             Could not resolve font "Plantin MT Pro Bold
(fontspec)             Condensed/I" (it probably doesn't exist).


Package fontspec Info: 
(fontspec)             Font family 'PlantinMTProBoldCondensed(0)' created for
(fontspec)             font 'Plantin MT Pro Bold Condensed' with options
(fontspec)             [Numbers=OldStyle].
(fontspec)              
(fontspec)              This font family consists of the following NFSS
(fontspec)             series/shapes:
(fontspec)              
(fontspec)             - 'normal' (m/n) with NFSS spec.: <->"name:Plantin MT
(fontspec)             Pro Bold
(fontspec)             Condensed:mode=node;script=latn;language=dflt;+onum;"


Package fontspec Info: 
(fontspec)             Could not resolve font "Plantin MT Pro Semibold/BI" (it
(fontspec)             probably doesn't exist).


Package fontspec Info: 
(fontspec)             Could not resolve font "Plantin MT Pro Semibold/B" (it
(fontspec)             probably doesn't exist).


Package fontspec Info: 
(fontspec)             Could not resolve font "Plantin MT Pro Semibold/I" (it
(fontspec)             probably doesn't exist).


Package fontspec Info: 
(fontspec)             Font family 'PlantinMTProSemibold(0)' created for font
(fontspec)             'Plantin MT Pro Semibold' with options
(fontspec)             [Numbers=OldStyle].
(fontspec)              
(fontspec)              This font family consists of the following NFSS
(fontspec)             series/shapes:
(fontspec)              
(fontspec)             - 'normal' (m/n) with NFSS spec.: <->"name:Plantin MT
(fontspec)             Pro
(fontspec)             Semibold:mode=node;script=latn;language=dflt;+onum;"

 (/usr/local/texlive/2025basic/texmf-dist/tex/latex/xcolor/xcolor.sty
Package: xcolor 2024/09/29 v3.02 LaTeX color extensions (UK)
 (/usr/local/texlive/2025basic/texmf-dist/tex/latex/graphics-cfg/color.cfg
File: color.cfg 2016/01/02 v1.6 sample color configuration
)
Package xcolor Info: Driver file: luatex.def on input line 274.
 (/usr/local/texlive/2025basic/texmf-dist/tex/latex/graphics-def/luatex.def
File: luatex.def 2025/09/29 v1.2f Graphics/color driver for luatex
) (/usr/local/texlive/2025basic/texmf-dist/tex/latex/graphics/mathcolor.ltx)
Package xcolor Info: Model `cmy' substituted by `cmy0' on input line 1349.
Package xcolor Info: Model `hsb' substituted by `rgb' on input line 1353.
Package xcolor Info: Model `RGB' extended on input line 1365.
Package xcolor Info: Model `HTML' substituted by `rgb' on input line 1367.
Package xcolor Info: Model `Hsb' substituted by `hsb' on input line 1368.
Package xcolor Info: Model `tHsb' substituted by `hsb' on input line 1369.
Package xcolor Info: Model `HSB' substituted by `hsb' on input line 1370.
Package xcolor Info: Model `Gray' substituted by `gray' on input line 1371.
Package xcolor Info: Model `wave' substituted by `hsb' on input line 1372.
) (/usr/local/texlive/2025basic/texmf-dist/tex/latex/xcolor/svgnam.def
File: svgnam.def 2024/09/29 v3.02 Predefined colors according to SVG 1.1 (UK)
) (/usr/local/texlive/2025basic/texmf-dist/tex/latex/pdfpages/pdfpages.sty
Package: pdfpages 2025/07/23 v0.6g Insert pages of external PDF documents (AM)
 (/usr/local/texlive/2025basic/texmf-dist/tex/latex/base/ifthen.sty
Package: ifthen 2024/03/16 v1.1e Standard LaTeX ifthen package (DPC)
) (/usr/local/texlive/2025basic/texmf-dist/tex/latex/tools/calc.sty
Package: calc 2025/03/01 v4.3b Infix arithmetic (KKT,FJ)
\calc@Acount=\count298
\calc@Bcount=\count299
\calc@Adimen=\dimen160
\calc@Bdimen=\dimen161
\calc@Askip=\skip51
\calc@Bskip=\skip52
LaTeX Info: Redefining \setlength on input line 86.
LaTeX Info: Redefining \addtolength on input line 87.
\calc@Ccount=\count300
\calc@Cskip=\skip53
) (/usr/local/texlive/2025basic/texmf-dist/tex/latex/eso-pic/eso-pic.sty
Package: eso-pic 2025/12/10 v3.0d eso-pic (RN)
\ESO@tempdima=\dimen162
\ESO@tempdimb=\dimen163
) (/usr/local/texlive/2025basic/texmf-dist/tex/latex/etoolbox/etoolbox.sty
Package: etoolbox 2025/10/02 v2.5m e-TeX tools for LaTeX (JAW)
\etb@tempcnta=\count301
)
(/usr/local/texlive/2025basic/texmf-dist/tex/latex/graphics/graphicx.sty
Package: graphicx 2024/12/31 v1.2e Enhanced LaTeX Graphics (DPC,SPQR)
 (/usr/local/texlive/2025basic/texmf-dist/tex/latex/graphics/graphics.sty
Package: graphics 2024/08/06 v1.4g Standard LaTeX Graphics (DPC,SPQR)
 (/usr/local/texlive/2025basic/texmf-dist/tex/latex/graphics/trig.sty
Package: trig 2023/12/02 v1.11 sin cos tan (DPC)
) (/usr/local/texlive/2025basic/texmf-dist/tex/latex/graphics-cfg/graphics.cfg
File: graphics.cfg 2016/06/04 v1.11 sample graphics configuration
)
Package graphics Info: Driver file: luatex.def on input line 106.
)
\Gin@req@height=\dimen164
\Gin@req@width=\dimen165
)
\AM@pagewidth=\dimen166
\AM@pageheight=\dimen167
\AM@fboxrule=\dimen168
 (/usr/local/texlive/2025basic/texmf-dist/tex/latex/pdfpages/ppluatex.def
File: ppluatex.def 2025/07/23 v0.6g Pdfpages driver for LuaTeX (AM)
)
\pdfpages@includegraphics@status=\count302
\AM@pagebox=\box53
\AM@global@opts=\toks19
\AM@pagecnt=\count303
\AM@toc@title=\toks20
\AM@lof@heading=\toks21
\c@AM@survey=\count304
\AM@templatesizebox=\box54
) (/usr/local/texlive/2025basic/texmf-dist/tex/latex/hyperref/hyperref.sty
Package: hyperref 2026-01-29 v7.01p Hypertext links for LaTeX
 (/usr/local/texlive/2025basic/texmf-dist/tex/latex/kvsetkeys/kvsetkeys.sty
Package: kvsetkeys 2022-10-05 v1.19 Key value parser (HO)
) (/usr/local/texlive/2025basic/texmf-dist/tex/generic/kvdefinekeys/kvdefinekeys.sty
Package: kvdefinekeys 2019-12-19 v1.6 Define keys (HO)
) (/usr/local/texlive/2025basic/texmf-dist/tex/generic/pdfescape/pdfescape.sty
Package: pdfescape 2019/12/09 v1.15 Implements pdfTeX's escape features (HO)
 (/usr/local/texlive/2025basic/texmf-dist/tex/generic/ltxcmds/ltxcmds.sty
Package: ltxcmds 2023-12-04 v1.26 LaTeX kernel commands for general use (HO)
) (/usr/local/texlive/2025basic/texmf-dist/tex/generic/pdftexcmds/pdftexcmds.sty
Package: pdftexcmds 2020-06-27 v0.33 Utility functions of pdfTeX for LuaTeX (HO)
 (/usr/local/texlive/2025basic/texmf-dist/tex/generic/infwarerr/infwarerr.sty
Package: infwarerr 2019/12/03 v1.5 Providing info/warning/error messages (HO)
)
Package pdftexcmds Info: \pdf@primitive is available.
Package pdftexcmds Info: \pdf@ifprimitive is available.
Package pdftexcmds Info: \pdfdraftmode found.
\pdftexcmds@toks=\toks22
)) (/usr/local/texlive/2025basic/texmf-dist/tex/latex/hycolor/hycolor.sty
Package: hycolor 2020-01-27 v1.10 Color options for hyperref/bookmark (HO)
) (/usr/local/texlive/2025basic/texmf-dist/tex/latex/hyperref/nameref.sty
Package: nameref 2026-01-29 v2.58 Cross-referencing by name of section
 (/usr/local/texlive/2025basic/texmf-dist/tex/latex/refcount/refcount.sty
Package: refcount 2019/12/15 v3.6 Data extraction from label references (HO)
) (/usr/local/texlive/2025basic/texmf-dist/tex/generic/gettitlestring/gettitlestring.sty
Package: gettitlestring 2019/12/15 v1.6 Cleanup title references (HO)
 (/usr/local/texlive/2025basic/texmf-dist/tex/latex/kvoptions/kvoptions.sty
Package: kvoptions 2022-06-15 v3.15 Key value format for package options (HO)
))
\c@section@level=\count305
) (/usr/local/texlive/2025basic/texmf-dist/tex/generic/stringenc/stringenc.sty
Package: stringenc 2019/11/29 v1.12 Convert strings between diff. encodings (HO)
)
\@linkdim=\dimen169
\Hy@linkcounter=\count306
\Hy@pagecounter=\count307
 (/usr/local/texlive/2025basic/texmf-dist/tex/latex/hyperref/pd1enc.def
File: pd1enc.def 2026-01-29 v7.01p Hyperref: PDFDocEncoding definition (HO)
) (/usr/local/texlive/2025basic/texmf-dist/tex/generic/intcalc/intcalc.sty
Package: intcalc 2019/12/15 v1.3 Expandable calculations with integers (HO)
)
\Hy@SavedSpaceFactor=\count308
 (/usr/local/texlive/2025basic/texmf-dist/tex/latex/hyperref/puenc.def
File: puenc.def 2026-01-29 v7.01p Hyperref: PDF Unicode definition (HO)
)
Package hyperref Info: Hyper figures OFF on input line 4201.
Package hyperref Info: Link nesting OFF on input line 4206.
Package hyperref Info: Hyper index ON on input line 4209.
Package hyperref Info: Plain pages OFF on input line 4216.
Package hyperref Info: Backreferencing OFF on input line 4221.
Package hyperref Info: Implicit mode ON; LaTeX internals redefined.
Package hyperref Info: Bookmarks ON on input line 4468.
\c@Hy@tempcnt=\count309
 (/usr/local/texlive/2025basic/texmf-dist/tex/latex/url/url.sty
\Urlmuskip=\muskip17
Package: url 2013/09/16  ver 3.4  Verb mode for urls, etc.
)
LaTeX Info: Redefining \url on input line 4807.
\XeTeXLinkMargin=\dimen170
 (/usr/local/texlive/2025basic/texmf-dist/tex/generic/bitset/bitset.sty
Package: bitset 2019/12/09 v1.3 Handle bit-vector datatype (HO)
 (/usr/local/texlive/2025basic/texmf-dist/tex/generic/bigintcalc/bigintcalc.sty
Package: bigintcalc 2019/12/15 v1.5 Expandable calculations on big integers (HO)
))
\Fld@menulength=\count310
\Field@Width=\dimen171
\Fld@charsize=\dimen172
Package hyperref Info: Hyper figures OFF on input line 6084.
Package hyperref Info: Link nesting OFF on input line 6089.
Package hyperref Info: Hyper index ON on input line 6092.
Package hyperref Info: backreferencing OFF on input line 6099.
Package hyperref Info: Link coloring OFF on input line 6104.
Package hyperref Info: Link coloring with OCG OFF on input line 6109.
Package hyperref Info: PDF/A mode OFF on input line 6114.
\Hy@abspage=\count311
\c@Item=\count312
\c@Hfootnote=\count313
)
Package hyperref Info: Driver (autodetected): hluatex.
 (/usr/local/texlive/2025basic/texmf-dist/tex/latex/hyperref/hluatex.def
File: hluatex.def 2026-01-29 v7.01p Hyperref driver for luaTeX
\Fld@listcount=\count314
\c@bookmark@seq@number=\count315
 (/usr/local/texlive/2025basic/texmf-dist/tex/latex/rerunfilecheck/rerunfilecheck.sty
Package: rerunfilecheck 2025-06-21 v1.11 Rerun checks for auxiliary files (HO)

(/usr/local/texlive/2025basic/texmf-dist/tex/generic/uniquecounter/uniquecounter.sty
Package: uniquecounter 2019/12/15 v1.4 Provide unlimited unique counter (HO)
)
Package uniquecounter Info: New unique counter `rerunfilecheck' on input line 284.
)
\Hy@SectionHShift=\skip54
) (/usr/local/texlive/2025basic/texmf-dist/tex/latex/fancyhdr/fancyhdr.sty
Package: fancyhdr 2025/02/07 v5.2 Extensive control of page headers and footers
\f@nch@headwidth=\skip55
\f@nch@offset@elh=\skip56
\f@nch@offset@erh=\skip57
\f@nch@offset@olh=\skip58
\f@nch@offset@orh=\skip59
\f@nch@offset@elf=\skip60
\f@nch@offset@erf=\skip61
\f@nch@offset@olf=\skip62
\f@nch@offset@orf=\skip63
\f@nch@height=\skip64
\f@nch@footalignment=\skip65
\f@nch@widthL=\skip66
\f@nch@widthC=\skip67
\f@nch@widthR=\skip68
\@temptokenb=\toks23
) (./index.aux)
\openout1 = index.aux

LaTeX Font Info:    Checking defaults for OML/cmm/m/it on input line 29.
LaTeX Font Info:    ... okay on input line 29.
LaTeX Font Info:    Checking defaults for OMS/cmsy/m/n on input line 29.
LaTeX Font Info:    ... okay on input line 29.
LaTeX Font Info:    Checking defaults for OT1/cmr/m/n on input line 29.
LaTeX Font Info:    ... okay on input line 29.
LaTeX Font Info:    Checking defaults for T1/cmr/m/n on input line 29.
LaTeX Font Info:    ... okay on input line 29.
LaTeX Font Info:    Checking defaults for TS1/cmr/m/n on input line 29.
LaTeX Font Info:    ... okay on input line 29.
LaTeX Font Info:    Checking defaults for TU/lmr/m/n on input line 29.
LaTeX Font Info:    ... okay on input line 29.
LaTeX Font Info:    Checking defaults for OMX/cmex/m/n on input line 29.
LaTeX Font Info:    ... okay on input line 29.
LaTeX Font Info:    Checking defaults for U/cmr/m/n on input line 29.
LaTeX Font Info:    ... okay on input line 29.
LaTeX Font Info:    Checking defaults for PD1/pdf/m/n on input line 29.
LaTeX Font Info:    ... okay on input line 29.
LaTeX Font Info:    Checking defaults for PU/pdf/m/n on input line 29.
LaTeX Font Info:    ... okay on input line 29.

*geometry* driver: auto-detecting
*geometry* detected driver: luatex
*geometry* verbose mode - [ preamble ] result:
* driver: luatex
* paper: a4paper
* layout: <same size as paper>
* layoutoffset:(h,v)=(0.0pt,0.0pt)
* modes: twoside 
* h-part:(L,W,R)=(71.13188pt, 455.24411pt, 71.13188pt)
* v-part:(T,H,B)=(71.13188pt, 702.78308pt, 71.13188pt)
* \paperwidth=597.50787pt
* \paperheight=845.04684pt
* \textwidth=455.24411pt
* \textheight=702.78308pt
* \oddsidemargin=-1.1381pt
* \evensidemargin=-1.1381pt
* \topmargin=-31.2056pt
* \headheight=14.0pt
* \headsep=18.06749pt
* \topskip=10.0pt
* \footskip=25.29494pt
* \marginparwidth=115.0pt
* \marginparsep=7.0pt
* \columnsep=10.0pt
* \skip\footins=9.0pt plus 4.0pt minus 2.0pt
* \hoffset=0.0pt
* \voffset=0.0pt
* \mag=1000
* \@twocolumnfalse
* \@twosidetrue
* \@mparswitchtrue
* \@reversemarginfalse
* (1in=72.27pt=25.4mm, 1cm=28.453pt)


Package fontspec Info: 
(fontspec)             Adjusting the maths setup (use [no-math] to avoid
(fontspec)             this).

\symlegacymaths=\mathgroup4
LaTeX Font Info:    Overwriting symbol font `legacymaths' in version `bold'
(Font)                  OT1/cmr/m/n --> OT1/cmr/bx/n on input line 29.
LaTeX Font Info:    Redeclaring math accent \acute on input line 29.
LaTeX Font Info:    Redeclaring math accent \grave on input line 29.
LaTeX Font Info:    Redeclaring math accent \ddot on input line 29.
LaTeX Font Info:    Redeclaring math accent \tilde on input line 29.
LaTeX Font Info:    Redeclaring math accent \bar on input line 29.
LaTeX Font Info:    Redeclaring math accent \breve on input line 29.
LaTeX Font Info:    Redeclaring math accent \check on input line 29.
LaTeX Font Info:    Redeclaring math accent \hat on input line 29.
LaTeX Font Info:    Redeclaring math accent \dot on input line 29.
LaTeX Font Info:    Redeclaring math accent \mathring on input line 29.
LaTeX Font Info:    Redeclaring math symbol \colon on input line 29.
LaTeX Font Info:    Redeclaring math symbol \Gamma on input line 29.
LaTeX Font Info:    Redeclaring math symbol \Delta on input line 29.
LaTeX Font Info:    Redeclaring math symbol \Theta on input line 29.
LaTeX Font Info:    Redeclaring math symbol \Lambda on input line 29.
LaTeX Font Info:    Redeclaring math symbol \Xi on input line 29.
LaTeX Font Info:    Redeclaring math symbol \Pi on input line 29.
LaTeX Font Info:    Redeclaring math symbol \Sigma on input line 29.
LaTeX Font Info:    Redeclaring math symbol \Upsilon on input line 29.
LaTeX Font Info:    Redeclaring math symbol \Phi on input line 29.
LaTeX Font Info:    Redeclaring math symbol \Psi on input line 29.
LaTeX Font Info:    Redeclaring math symbol \Omega on input line 29.
LaTeX Font Info:    Redeclaring math symbol \mathdollar on input line 29.
LaTeX Font Info:    Redeclaring symbol font `operators' on input line 29.
LaTeX Font Info:    Encoding `OT1' has changed to `TU' for symbol font
(Font)              `operators' in the math version `normal' on input line 29.
LaTeX Font Info:    Overwriting symbol font `operators' in version `normal'
(Font)                  OT1/cmr/m/n --> TU/EBGaramond(0)/m/n on input line 29.
LaTeX Font Info:    Encoding `OT1' has changed to `TU' for symbol font
(Font)              `operators' in the math version `bold' on input line 29.
LaTeX Font Info:    Overwriting symbol font `operators' in version `bold'
(Font)                  OT1/cmr/bx/n --> TU/EBGaramond(0)/m/n on input line 29.
LaTeX Font Info:    Overwriting symbol font `operators' in version `normal'
(Font)                  TU/EBGaramond(0)/m/n --> TU/EBGaramond(0)/m/n on input line 29.
LaTeX Font Info:    Overwriting math alphabet `\mathit' in version `normal'
(Font)                  OT1/cmr/m/it --> TU/EBGaramond(0)/m/it on input line 29.
LaTeX Font Info:    Overwriting math alphabet `\mathbf' in version `normal'
(Font)                  OT1/cmr/bx/n --> TU/EBGaramond(0)/b/n on input line 29.
LaTeX Font Info:    Overwriting math alphabet `\mathsf' in version `normal'
(Font)                  OT1/cmss/m/n --> TU/lmss/m/n on input line 29.
LaTeX Font Info:    Overwriting math alphabet `\mathtt' in version `normal'
(Font)                  OT1/cmtt/m/n --> TU/lmtt/m/n on input line 29.
LaTeX Font Info:    Overwriting symbol font `operators' in version `bold'
(Font)                  TU/EBGaramond(0)/m/n --> TU/EBGaramond(0)/b/n on input line 29.
LaTeX Font Info:    Overwriting math alphabet `\mathit' in version `bold'
(Font)                  OT1/cmr/bx/it --> TU/EBGaramond(0)/b/it on input line 29.
LaTeX Font Info:    Overwriting math alphabet `\mathsf' in version `bold'
(Font)                  OT1/cmss/bx/n --> TU/lmss/b/n on input line 29.
LaTeX Font Info:    Overwriting math alphabet `\mathtt' in version `bold'
(Font)                  OT1/cmtt/m/n --> TU/lmtt/b/n on input line 29.
(/usr/local/texlive/2025basic/texmf-dist/tex/context/base/mkii/supp-pdf.mkii
[Loading MPS to PDF converter (version 2006.09.02).]
\scratchcounter=\count316
\scratchdimen=\dimen173
\scratchbox=\box55
\nofMPsegments=\count317
\nofMParguments=\count318
\everyMPshowfont=\toks24
\MPscratchCnt=\count319
\MPscratchDim=\dimen174
\MPnumerator=\count320
\makeMPintoPDFobject=\count321
\everyMPtoPDFconversion=\toks25
) (/usr/local/texlive/2025basic/texmf-dist/tex/latex/epstopdf-pkg/epstopdf-base.sty
Package: epstopdf-base 2020-01-24 v2.11 Base part for package epstopdf
Package epstopdf-base Info: Redefining graphics rule for `.eps' on input line 485.
 (/usr/local/texlive/2025basic/texmf-dist/tex/latex/latexconfig/epstopdf-sys.cfg
File: epstopdf-sys.cfg 2010/07/13 v1.3 Configuration of (r)epstopdf for TeX Live
)) (/usr/local/texlive/2025basic/texmf-dist/tex/latex/pdflscape/pdflscape.sty
Package: pdflscape 2025-06-23 v0.14 Display of landscape pages in PDF
 (/usr/local/texlive/2025basic/texmf-dist/tex/latex/pdflscape/pdflscape-nometadata.sty
Package: pdflscape-nometadata 2025-06-23 v0.14 Display of landscape pages in PDF (HO)
 (/usr/local/texlive/2025basic/texmf-dist/tex/latex/graphics/lscape.sty
Package: lscape 2020/05/28 v3.02 Landscape Pages (DPC)
)
Package pdflscape Info: Auto-detected driver: pdftex on input line 81.
))
Package hyperref Info: Link coloring OFF on input line 29.
 (./index.out) (./index.out)
\@outlinefile=\write3

\openout3 = index.out
 [1



{/usr/local/texlive/2025basic/texmf-var/fonts/map/pdftex/updmap/pdftex.map}]
LaTeX Font Info:    Font shape `TU/EBGaramond(0)/m/sl' in size <10> not available
(Font)              Font shape `TU/EBGaramond(0)/m/it' tried instead on input line 45.
 [2

] (./index.toc
LaTeX Font Info:    External font `cmex10' loaded for size
(Font)              <7> on input line 3.
LaTeX Font Info:    External font `cmex10' loaded for size
(Font)              <5> on input line 3.
)
\tf@toc=\write4

\openout4 = index.toc
 [3] [4

]
Chapter 1.
<Have_You_Heard_of_Oscar_Wilde/Have_You_Heard_of_Oscar_Wilde.pdf, id=72, 597.5123pt x 845.04709pt>
File: Have_You_Heard_of_Oscar_Wilde/Have_You_Heard_of_Oscar_Wilde.pdf Graphic file (type pdf)
<use Have_You_Heard_of_Oscar_Wilde/Have_You_Heard_of_Oscar_Wilde.pdf>
Package luatex.def Info: Have_You_Heard_of_Oscar_Wilde/Have_You_Heard_of_Oscar_Wilde.pdf  used on input line 55.
(luatex.def)             Requested size: 597.51083pt x 845.04503pt.
<Have_You_Heard_of_Oscar_Wilde/Have_You_Heard_of_Oscar_Wilde.pdf, id=74, page=1, 597.5123pt x 845.04709pt>
File: Have_You_Heard_of_Oscar_Wilde/Have_You_Heard_of_Oscar_Wilde.pdf Graphic file (type pdf)
<use Have_You_Heard_of_Oscar_Wilde/Have_You_Heard_of_Oscar_Wilde.pdf, page 1>
Package luatex.def Info: Have_You_Heard_of_Oscar_Wilde/Have_You_Heard_of_Oscar_Wilde.pdf , page1 used on input line 55.
(luatex.def)             Requested size: 597.51083pt x 845.04503pt.
File: Have_You_Heard_of_Oscar_Wilde/Have_You_Heard_of_Oscar_Wilde.pdf Graphic file (type pdf)
<use Have_You_Heard_of_Oscar_Wilde/Have_You_Heard_of_Oscar_Wilde.pdf, page 1>
Package luatex.def Info: Have_You_Heard_of_Oscar_Wilde/Have_You_Heard_of_Oscar_Wilde.pdf , page1 used on input line 55.
(luatex.def)             Requested size: 597.53818pt x 845.08371pt.
[1

]
File: Have_You_Heard_of_Oscar_Wilde/Have_You_Heard_of_Oscar_Wilde.pdf Graphic file (type pdf)
<use Have_You_Heard_of_Oscar_Wilde/Have_You_Heard_of_Oscar_Wilde.pdf, page 1>
Package luatex.def Info: Have_You_Heard_of_Oscar_Wilde/Have_You_Heard_of_Oscar_Wilde.pdf , page1 used on input line 55.
(luatex.def)             Requested size: 597.53818pt x 845.08371pt.
File: Have_You_Heard_of_Oscar_Wilde/Have_You_Heard_of_Oscar_Wilde.pdf Graphic file (type pdf)
<use Have_You_Heard_of_Oscar_Wilde/Have_You_Heard_of_Oscar_Wilde.pdf, page 1>
Package luatex.def Info: Have_You_Heard_of_Oscar_Wilde/Have_You_Heard_of_Oscar_Wilde.pdf , page1 used on input line 55.
(luatex.def)             Requested size: 597.53818pt x 845.08371pt.
File: Have_You_Heard_of_Oscar_Wilde/Have_You_Heard_of_Oscar_Wilde.pdf Graphic file (type pdf)
<use Have_You_Heard_of_Oscar_Wilde/Have_You_Heard_of_Oscar_Wilde.pdf, page 1>
Package luatex.def Info: Have_You_Heard_of_Oscar_Wilde/Have_You_Heard_of_Oscar_Wilde.pdf , page1 used on input line 55.
(luatex.def)             Requested size: 597.53818pt x 845.08371pt.
 [2

<./Have_You_Heard_of_Oscar_Wilde/Have_You_Heard_of_Oscar_Wilde.pdf>]
<Have_You_Heard_of_Oscar_Wilde/Have_You_Heard_of_Oscar_Wilde.pdf, id=105, page=2, 597.5123pt x 845.04709pt>
File: Have_You_Heard_of_Oscar_Wilde/Have_You_Heard_of_Oscar_Wilde.pdf Graphic file (type pdf)
<use Have_You_Heard_of_Oscar_Wilde/Have_You_Heard_of_Oscar_Wilde.pdf, page 2>
Package luatex.def Info: Have_You_Heard_of_Oscar_Wilde/Have_You_Heard_of_Oscar_Wilde.pdf , page2 used on input line 55.
(luatex.def)             Requested size: 597.53818pt x 845.08371pt.
File: Have_You_Heard_of_Oscar_Wilde/Have_You_Heard_of_Oscar_Wilde.pdf Graphic file (type pdf)
<use Have_You_Heard_of_Oscar_Wilde/Have_You_Heard_of_Oscar_Wilde.pdf, page 2>
Package luatex.def Info: Have_You_Heard_of_Oscar_Wilde/Have_You_Heard_of_Oscar_Wilde.pdf , page2 used on input line 55.
(luatex.def)             Requested size: 597.53818pt x 845.08371pt.
File: Have_You_Heard_of_Oscar_Wilde/Have_You_Heard_of_Oscar_Wilde.pdf Graphic file (type pdf)
<use Have_You_Heard_of_Oscar_Wilde/Have_You_Heard_of_Oscar_Wilde.pdf, page 2>
Package luatex.def Info: Have_You_Heard_of_Oscar_Wilde/Have_You_Heard_of_Oscar_Wilde.pdf , page2 used on input line 55.
(luatex.def)             Requested size: 597.53818pt x 845.08371pt.
 [3

<./Have_You_Heard_of_Oscar_Wilde/Have_You_Heard_of_Oscar_Wilde.pdf>]
<Have_You_Heard_of_Oscar_Wilde/Have_You_Heard_of_Oscar_Wilde.pdf, id=110, page=3, 597.5123pt x 845.04709pt>
File: Have_You_Heard_of_Oscar_Wilde/Have_You_Heard_of_Oscar_Wilde.pdf Graphic file (type pdf)
<use Have_You_Heard_of_Oscar_Wilde/Have_You_Heard_of_Oscar_Wilde.pdf, page 3>
Package luatex.def Info: Have_You_Heard_of_Oscar_Wilde/Have_You_Heard_of_Oscar_Wilde.pdf , page3 used on input line 55.
(luatex.def)             Requested size: 597.53818pt x 845.08371pt.
File: Have_You_Heard_of_Oscar_Wilde/Have_You_Heard_of_Oscar_Wilde.pdf Graphic file (type pdf)
<use Have_You_Heard_of_Oscar_Wilde/Have_You_Heard_of_Oscar_Wilde.pdf, page 3>
Package luatex.def Info: Have_You_Heard_of_Oscar_Wilde/Have_You_Heard_of_Oscar_Wilde.pdf , page3 used on input line 55.
(luatex.def)             Requested size: 597.53818pt x 845.08371pt.
File: Have_You_Heard_of_Oscar_Wilde/Have_You_Heard_of_Oscar_Wilde.pdf Graphic file (type pdf)
<use Have_You_Heard_of_Oscar_Wilde/Have_You_Heard_of_Oscar_Wilde.pdf, page 3>
Package luatex.def Info: Have_You_Heard_of_Oscar_Wilde/Have_You_Heard_of_Oscar_Wilde.pdf , page3 used on input line 55.
(luatex.def)             Requested size: 597.53818pt x 845.08371pt.
 [4

<./Have_You_Heard_of_Oscar_Wilde/Have_You_Heard_of_Oscar_Wilde.pdf>]
<How_thIrth_Wint_Rong_by_Hapless_Joeyhomeskoolguv/How_thIrth_Wint_Rong_by_Hapless_Joeyhomeskoolguv.pdf, id=115, 597.50829pt x 845.04709pt>
File: How_thIrth_Wint_Rong_by_Hapless_Joeyhomeskoolguv/How_thIrth_Wint_Rong_by_Hapless_Joeyhomeskoolguv.pdf Graphic file (type pdf)
<use How_thIrth_Wint_Rong_by_Hapless_Joeyhomeskoolguv/How_thIrth_Wint_Rong_by_Hapless_Joeyhomeskoolguv.pdf>
Package luatex.def Info: How_thIrth_Wint_Rong_by_Hapless_Joeyhomeskoolguv/How_thIrth_Wint_Rong_by_Hapless_Joeyhomeskoolguv.pdf  used on input line 61.
(luatex.def)             Requested size: 597.50682pt x 845.04503pt.
<How_thIrth_Wint_Rong_by_Hapless_Joeyhomeskoolguv/How_thIrth_Wint_Rong_by_Hapless_Joeyhomeskoolguv.pdf, id=117, page=1, 597.50829pt x 845.04709pt>
File: How_thIrth_Wint_Rong_by_Hapless_Joeyhomeskoolguv/How_thIrth_Wint_Rong_by_Hapless_Joeyhomeskoolguv.pdf Graphic file (type pdf)
<use How_thIrth_Wint_Rong_by_Hapless_Joeyhomeskoolguv/How_thIrth_Wint_Rong_by_Hapless_Joeyhomeskoolguv.pdf, page 1>
Package luatex.def Info: How_thIrth_Wint_Rong_by_Hapless_Joeyhomeskoolguv/How_thIrth_Wint_Rong_by_Hapless_Joeyhomeskoolguv.pdf , page1 used on input line 61.
(luatex.def)             Requested size: 597.50682pt x 845.04503pt.
File: How_thIrth_Wint_Rong_by_Hapless_Joeyhomeskoolguv/How_thIrth_Wint_Rong_by_Hapless_Joeyhomeskoolguv.pdf Graphic file (type pdf)
<use How_thIrth_Wint_Rong_by_Hapless_Joeyhomeskoolguv/How_thIrth_Wint_Rong_by_Hapless_Joeyhomeskoolguv.pdf, page 1>
Package luatex.def Info: How_thIrth_Wint_Rong_by_Hapless_Joeyhomeskoolguv/How_thIrth_Wint_Rong_by_Hapless_Joeyhomeskoolguv.pdf , page1 used on input line 61.
(luatex.def)             Requested size: 597.53416pt x 845.08371pt.
File: How_thIrth_Wint_Rong_by_Hapless_Joeyhomeskoolguv/How_thIrth_Wint_Rong_by_Hapless_Joeyhomeskoolguv.pdf Graphic file (type pdf)
<use How_thIrth_Wint_Rong_by_Hapless_Joeyhomeskoolguv/How_thIrth_Wint_Rong_by_Hapless_Joeyhomeskoolguv.pdf, page 1>
Package luatex.def Info: How_thIrth_Wint_Rong_by_Hapless_Joeyhomeskoolguv/How_thIrth_Wint_Rong_by_Hapless_Joeyhomeskoolguv.pdf , page1 used on input line 61.
(luatex.def)             Requested size: 597.53416pt x 845.08371pt.
File: How_thIrth_Wint_Rong_by_Hapless_Joeyhomeskoolguv/How_thIrth_Wint_Rong_by_Hapless_Joeyhomeskoolguv.pdf Graphic file (type pdf)
<use How_thIrth_Wint_Rong_by_Hapless_Joeyhomeskoolguv/How_thIrth_Wint_Rong_by_Hapless_Joeyhomeskoolguv.pdf, page 1>
Package luatex.def Info: How_thIrth_Wint_Rong_by_Hapless_Joeyhomeskoolguv/How_thIrth_Wint_Rong_by_Hapless_Joeyhomeskoolguv.pdf , page1 used on input line 61.
(luatex.def)             Requested size: 597.53416pt x 845.08371pt.
File: How_thIrth_Wint_Rong_by_Hapless_Joeyhomeskoolguv/How_thIrth_Wint_Rong_by_Hapless_Joeyhomeskoolguv.pdf Graphic file (type pdf)
<use How_thIrth_Wint_Rong_by_Hapless_Joeyhomeskoolguv/How_thIrth_Wint_Rong_by_Hapless_Joeyhomeskoolguv.pdf, page 1>
Package luatex.def Info: How_thIrth_Wint_Rong_by_Hapless_Joeyhomeskoolguv/How_thIrth_Wint_Rong_by_Hapless_Joeyhomeskoolguv.pdf , page1 used on input line 61.
(luatex.def)             Requested size: 597.53416pt x 845.08371pt.
 [5

<./How_thIrth_Wint_Rong_by_Hapless_Joeyhomeskoolguv/How_thIrth_Wint_Rong_by_Hapless_Joeyhomeskoolguv.pdf>]
<How_thIrth_Wint_Rong_by_Hapless_Joeyhomeskoolguv/How_thIrth_Wint_Rong_by_Hapless_Joeyhomeskoolguv.pdf, id=146, page=2, 597.50829pt x 845.04709pt>
File: How_thIrth_Wint_Rong_by_Hapless_Joeyhomeskoolguv/How_thIrth_Wint_Rong_by_Hapless_Joeyhomeskoolguv.pdf Graphic file (type pdf)
<use How_thIrth_Wint_Rong_by_Hapless_Joeyhomeskoolguv/How_thIrth_Wint_Rong_by_Hapless_Joeyhomeskoolguv.pdf, page 2>
Package luatex.def Info: How_thIrth_Wint_Rong_by_Hapless_Joeyhomeskoolguv/How_thIrth_Wint_Rong_by_Hapless_Joeyhomeskoolguv.pdf , page2 used on input line 61.
(luatex.def)             Requested size: 597.53416pt x 845.08371pt.
File: How_thIrth_Wint_Rong_by_Hapless_Joeyhomeskoolguv/How_thIrth_Wint_Rong_by_Hapless_Joeyhomeskoolguv.pdf Graphic file (type pdf)
<use How_thIrth_Wint_Rong_by_Hapless_Joeyhomeskoolguv/How_thIrth_Wint_Rong_by_Hapless_Joeyhomeskoolguv.pdf, page 2>
Package luatex.def Info: How_thIrth_Wint_Rong_by_Hapless_Joeyhomeskoolguv/How_thIrth_Wint_Rong_by_Hapless_Joeyhomeskoolguv.pdf , page2 used on input line 61.
(luatex.def)             Requested size: 597.53416pt x 845.08371pt.
File: How_thIrth_Wint_Rong_by_Hapless_Joeyhomeskoolguv/How_thIrth_Wint_Rong_by_Hapless_Joeyhomeskoolguv.pdf Graphic file (type pdf)
<use How_thIrth_Wint_Rong_by_Hapless_Joeyhomeskoolguv/How_thIrth_Wint_Rong_by_Hapless_Joeyhomeskoolguv.pdf, page 2>
Package luatex.def Info: How_thIrth_Wint_Rong_by_Hapless_Joeyhomeskoolguv/How_thIrth_Wint_Rong_by_Hapless_Joeyhomeskoolguv.pdf , page2 used on input line 61.
(luatex.def)             Requested size: 597.53416pt x 845.08371pt.
 [6

<./How_thIrth_Wint_Rong_by_Hapless_Joeyhomeskoolguv/How_thIrth_Wint_Rong_by_Hapless_Joeyhomeskoolguv.pdf>]
<How_thIrth_Wint_Rong_by_Hapless_Joeyhomeskoolguv/How_thIrth_Wint_Rong_by_Hapless_Joeyhomeskoolguv.pdf, id=151, page=3, 597.50829pt x 845.04709pt>
File: How_thIrth_Wint_Rong_by_Hapless_Joeyhomeskoolguv/How_thIrth_Wint_Rong_by_Hapless_Joeyhomeskoolguv.pdf Graphic file (type pdf)
<use How_thIrth_Wint_Rong_by_Hapless_Joeyhomeskoolguv/How_thIrth_Wint_Rong_by_Hapless_Joeyhomeskoolguv.pdf, page 3>
Package luatex.def Info: How_thIrth_Wint_Rong_by_Hapless_Joeyhomeskoolguv/How_thIrth_Wint_Rong_by_Hapless_Joeyhomeskoolguv.pdf , page3 used on input line 61.
(luatex.def)             Requested size: 597.53416pt x 845.08371pt.
File: How_thIrth_Wint_Rong_by_Hapless_Joeyhomeskoolguv/How_thIrth_Wint_Rong_by_Hapless_Joeyhomeskoolguv.pdf Graphic file (type pdf)
<use How_thIrth_Wint_Rong_by_Hapless_Joeyhomeskoolguv/How_thIrth_Wint_Rong_by_Hapless_Joeyhomeskoolguv.pdf, page 3>
Package luatex.def Info: How_thIrth_Wint_Rong_by_Hapless_Joeyhomeskoolguv/How_thIrth_Wint_Rong_by_Hapless_Joeyhomeskoolguv.pdf , page3 used on input line 61.
(luatex.def)             Requested size: 597.53416pt x 845.08371pt.
File: How_thIrth_Wint_Rong_by_Hapless_Joeyhomeskoolguv/How_thIrth_Wint_Rong_by_Hapless_Joeyhomeskoolguv.pdf Graphic file (type pdf)
<use How_thIrth_Wint_Rong_by_Hapless_Joeyhomeskoolguv/How_thIrth_Wint_Rong_by_Hapless_Joeyhomeskoolguv.pdf, page 3>
Package luatex.def Info: How_thIrth_Wint_Rong_by_Hapless_Joeyhomeskoolguv/How_thIrth_Wint_Rong_by_Hapless_Joeyhomeskoolguv.pdf , page3 used on input line 61.
(luatex.def)             Requested size: 597.53416pt x 845.08371pt.
 [7

<./How_thIrth_Wint_Rong_by_Hapless_Joeyhomeskoolguv/How_thIrth_Wint_Rong_by_Hapless_Joeyhomeskoolguv.pdf>]
<The_Dolls_House/The_Dolls_House.pdf, id=157, 597.5123pt x 845.04709pt>
File: The_Dolls_House/The_Dolls_House.pdf Graphic file (type pdf)
<use The_Dolls_House/The_Dolls_House.pdf>
Package luatex.def Info: The_Dolls_House/The_Dolls_House.pdf  used on input line 67.
(luatex.def)             Requested size: 597.51083pt x 845.04503pt.
<The_Dolls_House/The_Dolls_House.pdf, id=159, page=1, 597.5123pt x 845.04709pt>
File: The_Dolls_House/The_Dolls_House.pdf Graphic file (type pdf)
<use The_Dolls_House/The_Dolls_House.pdf, page 1>
Package luatex.def Info: The_Dolls_House/The_Dolls_House.pdf , page1 used on input line 67.
(luatex.def)             Requested size: 597.51083pt x 845.04503pt.
File: The_Dolls_House/The_Dolls_House.pdf Graphic file (type pdf)
<use The_Dolls_House/The_Dolls_House.pdf, page 1>
Package luatex.def Info: The_Dolls_House/The_Dolls_House.pdf , page1 used on input line 67.
(luatex.def)             Requested size: 597.53818pt x 845.08371pt.
File: The_Dolls_House/The_Dolls_House.pdf Graphic file (type pdf)
<use The_Dolls_House/The_Dolls_House.pdf, page 1>
Package luatex.def Info: The_Dolls_House/The_Dolls_House.pdf , page1 used on input line 67.
(luatex.def)             Requested size: 597.53818pt x 845.08371pt.
File: The_Dolls_House/The_Dolls_House.pdf Graphic file (type pdf)
<use The_Dolls_House/The_Dolls_House.pdf, page 1>
Package luatex.def Info: The_Dolls_House/The_Dolls_House.pdf , page1 used on input line 67.
(luatex.def)             Requested size: 597.53818pt x 845.08371pt.
File: The_Dolls_House/The_Dolls_House.pdf Graphic file (type pdf)
<use The_Dolls_House/The_Dolls_House.pdf, page 1>
Package luatex.def Info: The_Dolls_House/The_Dolls_House.pdf , page1 used on input line 67.
(luatex.def)             Requested size: 597.53818pt x 845.08371pt.
 [8

<./The_Dolls_House/The_Dolls_House.pdf>]
<The_Dolls_House/The_Dolls_House.pdf, id=187, page=2, 597.5123pt x 845.04709pt>
File: The_Dolls_House/The_Dolls_House.pdf Graphic file (type pdf)
<use The_Dolls_House/The_Dolls_House.pdf, page 2>
Package luatex.def Info: The_Dolls_House/The_Dolls_House.pdf , page2 used on input line 67.
(luatex.def)             Requested size: 597.53818pt x 845.08371pt.
File: The_Dolls_House/The_Dolls_House.pdf Graphic file (type pdf)
<use The_Dolls_House/The_Dolls_House.pdf, page 2>
Package luatex.def Info: The_Dolls_House/The_Dolls_House.pdf , page2 used on input line 67.
(luatex.def)             Requested size: 597.53818pt x 845.08371pt.
File: The_Dolls_House/The_Dolls_House.pdf Graphic file (type pdf)
<use The_Dolls_House/The_Dolls_House.pdf, page 2>
Package luatex.def Info: The_Dolls_House/The_Dolls_House.pdf , page2 used on input line 67.
(luatex.def)             Requested size: 597.53818pt x 845.08371pt.
 [9

<./The_Dolls_House/The_Dolls_House.pdf>]
<The_Dolls_House/The_Dolls_House.pdf, id=192, page=3, 597.5123pt x 845.04709pt>
File: The_Dolls_House/The_Dolls_House.pdf Graphic file (type pdf)
<use The_Dolls_House/The_Dolls_House.pdf, page 3>
Package luatex.def Info: The_Dolls_House/The_Dolls_House.pdf , page3 used on input line 67.
(luatex.def)             Requested size: 597.53818pt x 845.08371pt.
File: The_Dolls_House/The_Dolls_House.pdf Graphic file (type pdf)
<use The_Dolls_House/The_Dolls_House.pdf, page 3>
Package luatex.def Info: The_Dolls_House/The_Dolls_House.pdf , page3 used on input line 67.
(luatex.def)             Requested size: 597.53818pt x 845.08371pt.
File: The_Dolls_House/The_Dolls_House.pdf Graphic file (type pdf)
<use The_Dolls_House/The_Dolls_House.pdf, page 3>
Package luatex.def Info: The_Dolls_House/The_Dolls_House.pdf , page3 used on input line 67.
(luatex.def)             Requested size: 597.53818pt x 845.08371pt.
 [10

<./The_Dolls_House/The_Dolls_House.pdf>]
<The_Dolls_House/The_Dolls_House.pdf, id=197, page=4, 597.5123pt x 845.04709pt>
File: The_Dolls_House/The_Dolls_House.pdf Graphic file (type pdf)
<use The_Dolls_House/The_Dolls_House.pdf, page 4>
Package luatex.def Info: The_Dolls_House/The_Dolls_House.pdf , page4 used on input line 67.
(luatex.def)             Requested size: 597.53818pt x 845.08371pt.
File: The_Dolls_House/The_Dolls_House.pdf Graphic file (type pdf)
<use The_Dolls_House/The_Dolls_House.pdf, page 4>
Package luatex.def Info: The_Dolls_House/The_Dolls_House.pdf , page4 used on input line 67.
(luatex.def)             Requested size: 597.53818pt x 845.08371pt.
File: The_Dolls_House/The_Dolls_House.pdf Graphic file (type pdf)
<use The_Dolls_House/The_Dolls_House.pdf, page 4>
Package luatex.def Info: The_Dolls_House/The_Dolls_House.pdf , page4 used on input line 67.
(luatex.def)             Requested size: 597.53818pt x 845.08371pt.
 [11

<./The_Dolls_House/The_Dolls_House.pdf>]
<The_Dolls_House/The_Dolls_House.pdf, id=202, page=5, 597.5123pt x 845.04709pt>
File: The_Dolls_House/The_Dolls_House.pdf Graphic file (type pdf)
<use The_Dolls_House/The_Dolls_House.pdf, page 5>
Package luatex.def Info: The_Dolls_House/The_Dolls_House.pdf , page5 used on input line 67.
(luatex.def)             Requested size: 597.53818pt x 845.08371pt.
File: The_Dolls_House/The_Dolls_House.pdf Graphic file (type pdf)
<use The_Dolls_House/The_Dolls_House.pdf, page 5>
Package luatex.def Info: The_Dolls_House/The_Dolls_House.pdf , page5 used on input line 67.
(luatex.def)             Requested size: 597.53818pt x 845.08371pt.
File: The_Dolls_House/The_Dolls_House.pdf Graphic file (type pdf)
<use The_Dolls_House/The_Dolls_House.pdf, page 5>
Package luatex.def Info: The_Dolls_House/The_Dolls_House.pdf , page5 used on input line 67.
(luatex.def)             Requested size: 597.53818pt x 845.08371pt.
 [12

<./The_Dolls_House/The_Dolls_House.pdf>]
<New_Zealand_Prime_Minister_Addresses_United_Nations_General_Assembly/New_Zealand_Prime_Minister_Addresses_United_Nations_General_Assembly.pdf, id=207, 597.5123pt x 845.04709pt>
File: New_Zealand_Prime_Minister_Addresses_United_Nations_General_Assembly/New_Zealand_Prime_Minister_Addresses_United_Nations_General_Assembly.pdf Graphic file (type pdf)
<use New_Zealand_Prime_Minister_Addresses_United_Nations_General_Assembly/New_Zealand_Prime_Minister_Addresses_United_Nations_General_Assembly.pdf>
Package luatex.def Info: New_Zealand_Prime_Minister_Addresses_United_Nations_General_Assembly/New_Zealand_Prime_Minister_Addresses_United_Nations_General_Assembly.pdf  used on input line 73.
(luatex.def)             Requested size: 597.51083pt x 845.04503pt.
<New_Zealand_Prime_Minister_Addresses_United_Nations_General_Assembly/New_Zealand_Prime_Minister_Addresses_United_Nations_General_Assembly.pdf, id=209, page=1, 597.5123pt x 845.04709pt>
File: New_Zealand_Prime_Minister_Addresses_United_Nations_General_Assembly/New_Zealand_Prime_Minister_Addresses_United_Nations_General_Assembly.pdf Graphic file (type pdf)
<use New_Zealand_Prime_Minister_Addresses_United_Nations_General_Assembly/New_Zealand_Prime_Minister_Addresses_United_Nations_General_Assembly.pdf, page 1>
Package luatex.def Info: New_Zealand_Prime_Minister_Addresses_United_Nations_General_Assembly/New_Zealand_Prime_Minister_Addresses_United_Nations_General_Assembly.pdf , page1 used on input line 73.
(luatex.def)             Requested size: 597.51083pt x 845.04503pt.
File: New_Zealand_Prime_Minister_Addresses_United_Nations_General_Assembly/New_Zealand_Prime_Minister_Addresses_United_Nations_General_Assembly.pdf Graphic file (type pdf)
<use New_Zealand_Prime_Minister_Addresses_United_Nations_General_Assembly/New_Zealand_Prime_Minister_Addresses_United_Nations_General_Assembly.pdf, page 1>
Package luatex.def Info: New_Zealand_Prime_Minister_Addresses_United_Nations_General_Assembly/New_Zealand_Prime_Minister_Addresses_United_Nations_General_Assembly.pdf , page1 used on input line 73.
(luatex.def)             Requested size: 597.53818pt x 845.08371pt.
File: New_Zealand_Prime_Minister_Addresses_United_Nations_General_Assembly/New_Zealand_Prime_Minister_Addresses_United_Nations_General_Assembly.pdf Graphic file (type pdf)
<use New_Zealand_Prime_Minister_Addresses_United_Nations_General_Assembly/New_Zealand_Prime_Minister_Addresses_United_Nations_General_Assembly.pdf, page 1>
Package luatex.def Info: New_Zealand_Prime_Minister_Addresses_United_Nations_General_Assembly/New_Zealand_Prime_Minister_Addresses_United_Nations_General_Assembly.pdf , page1 used on input line 73.
(luatex.def)             Requested size: 597.53818pt x 845.08371pt.
File: New_Zealand_Prime_Minister_Addresses_United_Nations_General_Assembly/New_Zealand_Prime_Minister_Addresses_United_Nations_General_Assembly.pdf Graphic file (type pdf)
<use New_Zealand_Prime_Minister_Addresses_United_Nations_General_Assembly/New_Zealand_Prime_Minister_Addresses_United_Nations_General_Assembly.pdf, page 1>
Package luatex.def Info: New_Zealand_Prime_Minister_Addresses_United_Nations_General_Assembly/New_Zealand_Prime_Minister_Addresses_United_Nations_General_Assembly.pdf , page1 used on input line 73.
(luatex.def)             Requested size: 597.53818pt x 845.08371pt.
File: New_Zealand_Prime_Minister_Addresses_United_Nations_General_Assembly/New_Zealand_Prime_Minister_Addresses_United_Nations_General_Assembly.pdf Graphic file (type pdf)
<use New_Zealand_Prime_Minister_Addresses_United_Nations_General_Assembly/New_Zealand_Prime_Minister_Addresses_United_Nations_General_Assembly.pdf, page 1>
Package luatex.def Info: New_Zealand_Prime_Minister_Addresses_United_Nations_General_Assembly/New_Zealand_Prime_Minister_Addresses_United_Nations_General_Assembly.pdf , page1 used on input line 73.
(luatex.def)             Requested size: 597.53818pt x 845.08371pt.
 [13

<./New_Zealand_Prime_Minister_Addresses_United_Nations_General_Assembly/New_Zealand_Prime_Minister_Addresses_United_Nations_General_Assembly.pdf>]
<New_Zealand_Prime_Minister_Addresses_United_Nations_General_Assembly/New_Zealand_Prime_Minister_Addresses_United_Nations_General_Assembly.pdf, id=236, page=2, 597.5123pt x 845.04709pt>
File: New_Zealand_Prime_Minister_Addresses_United_Nations_General_Assembly/New_Zealand_Prime_Minister_Addresses_United_Nations_General_Assembly.pdf Graphic file (type pdf)
<use New_Zealand_Prime_Minister_Addresses_United_Nations_General_Assembly/New_Zealand_Prime_Minister_Addresses_United_Nations_General_Assembly.pdf, page 2>
Package luatex.def Info: New_Zealand_Prime_Minister_Addresses_United_Nations_General_Assembly/New_Zealand_Prime_Minister_Addresses_United_Nations_General_Assembly.pdf , page2 used on input line 73.
(luatex.def)             Requested size: 597.53818pt x 845.08371pt.
File: New_Zealand_Prime_Minister_Addresses_United_Nations_General_Assembly/New_Zealand_Prime_Minister_Addresses_United_Nations_General_Assembly.pdf Graphic file (type pdf)
<use New_Zealand_Prime_Minister_Addresses_United_Nations_General_Assembly/New_Zealand_Prime_Minister_Addresses_United_Nations_General_Assembly.pdf, page 2>
Package luatex.def Info: New_Zealand_Prime_Minister_Addresses_United_Nations_General_Assembly/New_Zealand_Prime_Minister_Addresses_United_Nations_General_Assembly.pdf , page2 used on input line 73.
(luatex.def)             Requested size: 597.53818pt x 845.08371pt.
File: New_Zealand_Prime_Minister_Addresses_United_Nations_General_Assembly/New_Zealand_Prime_Minister_Addresses_United_Nations_General_Assembly.pdf Graphic file (type pdf)
<use New_Zealand_Prime_Minister_Addresses_United_Nations_General_Assembly/New_Zealand_Prime_Minister_Addresses_United_Nations_General_Assembly.pdf, page 2>
Package luatex.def Info: New_Zealand_Prime_Minister_Addresses_United_Nations_General_Assembly/New_Zealand_Prime_Minister_Addresses_United_Nations_General_Assembly.pdf , page2 used on input line 73.
(luatex.def)             Requested size: 597.53818pt x 845.08371pt.
 [14

<./New_Zealand_Prime_Minister_Addresses_United_Nations_General_Assembly/New_Zealand_Prime_Minister_Addresses_United_Nations_General_Assembly.pdf>]
<New_Zealand_Prime_Minister_Addresses_United_Nations_General_Assembly/New_Zealand_Prime_Minister_Addresses_United_Nations_General_Assembly.pdf, id=241, page=3, 597.5123pt x 845.04709pt>
File: New_Zealand_Prime_Minister_Addresses_United_Nations_General_Assembly/New_Zealand_Prime_Minister_Addresses_United_Nations_General_Assembly.pdf Graphic file (type pdf)
<use New_Zealand_Prime_Minister_Addresses_United_Nations_General_Assembly/New_Zealand_Prime_Minister_Addresses_United_Nations_General_Assembly.pdf, page 3>
Package luatex.def Info: New_Zealand_Prime_Minister_Addresses_United_Nations_General_Assembly/New_Zealand_Prime_Minister_Addresses_United_Nations_General_Assembly.pdf , page3 used on input line 73.
(luatex.def)             Requested size: 597.53818pt x 845.08371pt.
File: New_Zealand_Prime_Minister_Addresses_United_Nations_General_Assembly/New_Zealand_Prime_Minister_Addresses_United_Nations_General_Assembly.pdf Graphic file (type pdf)
<use New_Zealand_Prime_Minister_Addresses_United_Nations_General_Assembly/New_Zealand_Prime_Minister_Addresses_United_Nations_General_Assembly.pdf, page 3>
Package luatex.def Info: New_Zealand_Prime_Minister_Addresses_United_Nations_General_Assembly/New_Zealand_Prime_Minister_Addresses_United_Nations_General_Assembly.pdf , page3 used on input line 73.
(luatex.def)             Requested size: 597.53818pt x 845.08371pt.
File: New_Zealand_Prime_Minister_Addresses_United_Nations_General_Assembly/New_Zealand_Prime_Minister_Addresses_United_Nations_General_Assembly.pdf Graphic file (type pdf)
<use New_Zealand_Prime_Minister_Addresses_United_Nations_General_Assembly/New_Zealand_Prime_Minister_Addresses_United_Nations_General_Assembly.pdf, page 3>
Package luatex.def Info: New_Zealand_Prime_Minister_Addresses_United_Nations_General_Assembly/New_Zealand_Prime_Minister_Addresses_United_Nations_General_Assembly.pdf , page3 used on input line 73.
(luatex.def)             Requested size: 597.53818pt x 845.08371pt.
 [15

<./New_Zealand_Prime_Minister_Addresses_United_Nations_General_Assembly/New_Zealand_Prime_Minister_Addresses_United_Nations_General_Assembly.pdf>]
<New_Zealand_Prime_Minister_Addresses_United_Nations_General_Assembly/New_Zealand_Prime_Minister_Addresses_United_Nations_General_Assembly.pdf, id=246, page=4, 597.5123pt x 845.04709pt>
File: New_Zealand_Prime_Minister_Addresses_United_Nations_General_Assembly/New_Zealand_Prime_Minister_Addresses_United_Nations_General_Assembly.pdf Graphic file (type pdf)
<use New_Zealand_Prime_Minister_Addresses_United_Nations_General_Assembly/New_Zealand_Prime_Minister_Addresses_United_Nations_General_Assembly.pdf, page 4>
Package luatex.def Info: New_Zealand_Prime_Minister_Addresses_United_Nations_General_Assembly/New_Zealand_Prime_Minister_Addresses_United_Nations_General_Assembly.pdf , page4 used on input line 73.
(luatex.def)             Requested size: 597.53818pt x 845.08371pt.
File: New_Zealand_Prime_Minister_Addresses_United_Nations_General_Assembly/New_Zealand_Prime_Minister_Addresses_United_Nations_General_Assembly.pdf Graphic file (type pdf)
<use New_Zealand_Prime_Minister_Addresses_United_Nations_General_Assembly/New_Zealand_Prime_Minister_Addresses_United_Nations_General_Assembly.pdf, page 4>
Package luatex.def Info: New_Zealand_Prime_Minister_Addresses_United_Nations_General_Assembly/New_Zealand_Prime_Minister_Addresses_United_Nations_General_Assembly.pdf , page4 used on input line 73.
(luatex.def)             Requested size: 597.53818pt x 845.08371pt.
File: New_Zealand_Prime_Minister_Addresses_United_Nations_General_Assembly/New_Zealand_Prime_Minister_Addresses_United_Nations_General_Assembly.pdf Graphic file (type pdf)
<use New_Zealand_Prime_Minister_Addresses_United_Nations_General_Assembly/New_Zealand_Prime_Minister_Addresses_United_Nations_General_Assembly.pdf, page 4>
Package luatex.def Info: New_Zealand_Prime_Minister_Addresses_United_Nations_General_Assembly/New_Zealand_Prime_Minister_Addresses_United_Nations_General_Assembly.pdf , page4 used on input line 73.
(luatex.def)             Requested size: 597.53818pt x 845.08371pt.
 [16

<./New_Zealand_Prime_Minister_Addresses_United_Nations_General_Assembly/New_Zealand_Prime_Minister_Addresses_United_Nations_General_Assembly.pdf>]
<New_Zealand_Prime_Minister_Addresses_United_Nations_General_Assembly/New_Zealand_Prime_Minister_Addresses_United_Nations_General_Assembly.pdf, id=251, page=5, 597.5123pt x 845.04709pt>
File: New_Zealand_Prime_Minister_Addresses_United_Nations_General_Assembly/New_Zealand_Prime_Minister_Addresses_United_Nations_General_Assembly.pdf Graphic file (type pdf)
<use New_Zealand_Prime_Minister_Addresses_United_Nations_General_Assembly/New_Zealand_Prime_Minister_Addresses_United_Nations_General_Assembly.pdf, page 5>
Package luatex.def Info: New_Zealand_Prime_Minister_Addresses_United_Nations_General_Assembly/New_Zealand_Prime_Minister_Addresses_United_Nations_General_Assembly.pdf , page5 used on input line 73.
(luatex.def)             Requested size: 597.53818pt x 845.08371pt.
File: New_Zealand_Prime_Minister_Addresses_United_Nations_General_Assembly/New_Zealand_Prime_Minister_Addresses_United_Nations_General_Assembly.pdf Graphic file (type pdf)
<use New_Zealand_Prime_Minister_Addresses_United_Nations_General_Assembly/New_Zealand_Prime_Minister_Addresses_United_Nations_General_Assembly.pdf, page 5>
Package luatex.def Info: New_Zealand_Prime_Minister_Addresses_United_Nations_General_Assembly/New_Zealand_Prime_Minister_Addresses_United_Nations_General_Assembly.pdf , page5 used on input line 73.
(luatex.def)             Requested size: 597.53818pt x 845.08371pt.
File: New_Zealand_Prime_Minister_Addresses_United_Nations_General_Assembly/New_Zealand_Prime_Minister_Addresses_United_Nations_General_Assembly.pdf Graphic file (type pdf)
<use New_Zealand_Prime_Minister_Addresses_United_Nations_General_Assembly/New_Zealand_Prime_Minister_Addresses_United_Nations_General_Assembly.pdf, page 5>
Package luatex.def Info: New_Zealand_Prime_Minister_Addresses_United_Nations_General_Assembly/New_Zealand_Prime_Minister_Addresses_United_Nations_General_Assembly.pdf , page5 used on input line 73.
(luatex.def)             Requested size: 597.53818pt x 845.08371pt.
 [17

<./New_Zealand_Prime_Minister_Addresses_United_Nations_General_Assembly/New_Zealand_Prime_Minister_Addresses_United_Nations_General_Assembly.pdf>] [18

]
Chapter 2.
<The_Kentucky_Derby_is_Decadent_and_Depraved/The_Kentucky_Derby_is_Decadent_and_Depraved.pdf, id=261, 597.50829pt x 845.04709pt>
File: The_Kentucky_Derby_is_Decadent_and_Depraved/The_Kentucky_Derby_is_Decadent_and_Depraved.pdf Graphic file (type pdf)
<use The_Kentucky_Derby_is_Decadent_and_Depraved/The_Kentucky_Derby_is_Decadent_and_Depraved.pdf>
Package luatex.def Info: The_Kentucky_Derby_is_Decadent_and_Depraved/The_Kentucky_Derby_is_Decadent_and_Depraved.pdf  used on input line 81.
(luatex.def)             Requested size: 597.50682pt x 845.04503pt.
<The_Kentucky_Derby_is_Decadent_and_Depraved/The_Kentucky_Derby_is_Decadent_and_Depraved.pdf, id=263, page=1, 597.50829pt x 845.04709pt>
File: The_Kentucky_Derby_is_Decadent_and_Depraved/The_Kentucky_Derby_is_Decadent_and_Depraved.pdf Graphic file (type pdf)
<use The_Kentucky_Derby_is_Decadent_and_Depraved/The_Kentucky_Derby_is_Decadent_and_Depraved.pdf, page 1>
Package luatex.def Info: The_Kentucky_Derby_is_Decadent_and_Depraved/The_Kentucky_Derby_is_Decadent_and_Depraved.pdf , page1 used on input line 81.
(luatex.def)             Requested size: 597.50682pt x 845.04503pt.
File: The_Kentucky_Derby_is_Decadent_and_Depraved/The_Kentucky_Derby_is_Decadent_and_Depraved.pdf Graphic file (type pdf)
<use The_Kentucky_Derby_is_Decadent_and_Depraved/The_Kentucky_Derby_is_Decadent_and_Depraved.pdf, page 1>
Package luatex.def Info: The_Kentucky_Derby_is_Decadent_and_Depraved/The_Kentucky_Derby_is_Decadent_and_Depraved.pdf , page1 used on input line 81.
(luatex.def)             Requested size: 597.53416pt x 845.08371pt.
[19]
File: The_Kentucky_Derby_is_Decadent_and_Depraved/The_Kentucky_Derby_is_Decadent_and_Depraved.pdf Graphic file (type pdf)
<use The_Kentucky_Derby_is_Decadent_and_Depraved/The_Kentucky_Derby_is_Decadent_and_Depraved.pdf, page 1>
Package luatex.def Info: The_Kentucky_Derby_is_Decadent_and_Depraved/The_Kentucky_Derby_is_Decadent_and_Depraved.pdf , page1 used on input line 81.
(luatex.def)             Requested size: 597.53416pt x 845.08371pt.
File: The_Kentucky_Derby_is_Decadent_and_Depraved/The_Kentucky_Derby_is_Decadent_and_Depraved.pdf Graphic file (type pdf)
<use The_Kentucky_Derby_is_Decadent_and_Depraved/The_Kentucky_Derby_is_Decadent_and_Depraved.pdf, page 1>
Package luatex.def Info: The_Kentucky_Derby_is_Decadent_and_Depraved/The_Kentucky_Derby_is_Decadent_and_Depraved.pdf , page1 used on input line 81.
(luatex.def)             Requested size: 597.53416pt x 845.08371pt.
File: The_Kentucky_Derby_is_Decadent_and_Depraved/The_Kentucky_Derby_is_Decadent_and_Depraved.pdf Graphic file (type pdf)
<use The_Kentucky_Derby_is_Decadent_and_Depraved/The_Kentucky_Derby_is_Decadent_and_Depraved.pdf, page 1>
Package luatex.def Info: The_Kentucky_Derby_is_Decadent_and_Depraved/The_Kentucky_Derby_is_Decadent_and_Depraved.pdf , page1 used on input line 81.
(luatex.def)             Requested size: 597.53416pt x 845.08371pt.
 [20

<./The_Kentucky_Derby_is_Decadent_and_Depraved/The_Kentucky_Derby_is_Decadent_and_Depraved.pdf>]
<The_Kentucky_Derby_is_Decadent_and_Depraved/The_Kentucky_Derby_is_Decadent_and_Depraved.pdf, id=297, page=2, 597.50829pt x 845.04709pt>
File: The_Kentucky_Derby_is_Decadent_and_Depraved/The_Kentucky_Derby_is_Decadent_and_Depraved.pdf Graphic file (type pdf)
<use The_Kentucky_Derby_is_Decadent_and_Depraved/The_Kentucky_Derby_is_Decadent_and_Depraved.pdf, page 2>
Package luatex.def Info: The_Kentucky_Derby_is_Decadent_and_Depraved/The_Kentucky_Derby_is_Decadent_and_Depraved.pdf , page2 used on input line 81.
(luatex.def)             Requested size: 597.53416pt x 845.08371pt.
File: The_Kentucky_Derby_is_Decadent_and_Depraved/The_Kentucky_Derby_is_Decadent_and_Depraved.pdf Graphic file (type pdf)
<use The_Kentucky_Derby_is_Decadent_and_Depraved/The_Kentucky_Derby_is_Decadent_and_Depraved.pdf, page 2>
Package luatex.def Info: The_Kentucky_Derby_is_Decadent_and_Depraved/The_Kentucky_Derby_is_Decadent_and_Depraved.pdf , page2 used on input line 81.
(luatex.def)             Requested size: 597.53416pt x 845.08371pt.
File: The_Kentucky_Derby_is_Decadent_and_Depraved/The_Kentucky_Derby_is_Decadent_and_Depraved.pdf Graphic file (type pdf)
<use The_Kentucky_Derby_is_Decadent_and_Depraved/The_Kentucky_Derby_is_Decadent_and_Depraved.pdf, page 2>
Package luatex.def Info: The_Kentucky_Derby_is_Decadent_and_Depraved/The_Kentucky_Derby_is_Decadent_and_Depraved.pdf , page2 used on input line 81.
(luatex.def)             Requested size: 597.53416pt x 845.08371pt.
 [21

<./The_Kentucky_Derby_is_Decadent_and_Depraved/The_Kentucky_Derby_is_Decadent_and_Depraved.pdf>]
<The_Kentucky_Derby_is_Decadent_and_Depraved/The_Kentucky_Derby_is_Decadent_and_Depraved.pdf, id=302, page=3, 597.50829pt x 845.04709pt>
File: The_Kentucky_Derby_is_Decadent_and_Depraved/The_Kentucky_Derby_is_Decadent_and_Depraved.pdf Graphic file (type pdf)
<use The_Kentucky_Derby_is_Decadent_and_Depraved/The_Kentucky_Derby_is_Decadent_and_Depraved.pdf, page 3>
Package luatex.def Info: The_Kentucky_Derby_is_Decadent_and_Depraved/The_Kentucky_Derby_is_Decadent_and_Depraved.pdf , page3 used on input line 81.
(luatex.def)             Requested size: 597.53416pt x 845.08371pt.
File: The_Kentucky_Derby_is_Decadent_and_Depraved/The_Kentucky_Derby_is_Decadent_and_Depraved.pdf Graphic file (type pdf)
<use The_Kentucky_Derby_is_Decadent_and_Depraved/The_Kentucky_Derby_is_Decadent_and_Depraved.pdf, page 3>
Package luatex.def Info: The_Kentucky_Derby_is_Decadent_and_Depraved/The_Kentucky_Derby_is_Decadent_and_Depraved.pdf , page3 used on input line 81.
(luatex.def)             Requested size: 597.53416pt x 845.08371pt.
File: The_Kentucky_Derby_is_Decadent_and_Depraved/The_Kentucky_Derby_is_Decadent_and_Depraved.pdf Graphic file (type pdf)
<use The_Kentucky_Derby_is_Decadent_and_Depraved/The_Kentucky_Derby_is_Decadent_and_Depraved.pdf, page 3>
Package luatex.def Info: The_Kentucky_Derby_is_Decadent_and_Depraved/The_Kentucky_Derby_is_Decadent_and_Depraved.pdf , page3 used on input line 81.
(luatex.def)             Requested size: 597.53416pt x 845.08371pt.
 [22

<./The_Kentucky_Derby_is_Decadent_and_Depraved/The_Kentucky_Derby_is_Decadent_and_Depraved.pdf>]
<The_Kentucky_Derby_is_Decadent_and_Depraved/The_Kentucky_Derby_is_Decadent_and_Depraved.pdf, id=307, page=4, 597.50829pt x 845.04709pt>
File: The_Kentucky_Derby_is_Decadent_and_Depraved/The_Kentucky_Derby_is_Decadent_and_Depraved.pdf Graphic file (type pdf)
<use The_Kentucky_Derby_is_Decadent_and_Depraved/The_Kentucky_Derby_is_Decadent_and_Depraved.pdf, page 4>
Package luatex.def Info: The_Kentucky_Derby_is_Decadent_and_Depraved/The_Kentucky_Derby_is_Decadent_and_Depraved.pdf , page4 used on input line 81.
(luatex.def)             Requested size: 597.53416pt x 845.08371pt.
File: The_Kentucky_Derby_is_Decadent_and_Depraved/The_Kentucky_Derby_is_Decadent_and_Depraved.pdf Graphic file (type pdf)
<use The_Kentucky_Derby_is_Decadent_and_Depraved/The_Kentucky_Derby_is_Decadent_and_Depraved.pdf, page 4>
Package luatex.def Info: The_Kentucky_Derby_is_Decadent_and_Depraved/The_Kentucky_Derby_is_Decadent_and_Depraved.pdf , page4 used on input line 81.
(luatex.def)             Requested size: 597.53416pt x 845.08371pt.
File: The_Kentucky_Derby_is_Decadent_and_Depraved/The_Kentucky_Derby_is_Decadent_and_Depraved.pdf Graphic file (type pdf)
<use The_Kentucky_Derby_is_Decadent_and_Depraved/The_Kentucky_Derby_is_Decadent_and_Depraved.pdf, page 4>
Package luatex.def Info: The_Kentucky_Derby_is_Decadent_and_Depraved/The_Kentucky_Derby_is_Decadent_and_Depraved.pdf , page4 used on input line 81.
(luatex.def)             Requested size: 597.53416pt x 845.08371pt.
 [23

<./The_Kentucky_Derby_is_Decadent_and_Depraved/The_Kentucky_Derby_is_Decadent_and_Depraved.pdf>]
<The_Kentucky_Derby_is_Decadent_and_Depraved/The_Kentucky_Derby_is_Decadent_and_Depraved.pdf, id=312, page=5, 597.50829pt x 845.04709pt>
File: The_Kentucky_Derby_is_Decadent_and_Depraved/The_Kentucky_Derby_is_Decadent_and_Depraved.pdf Graphic file (type pdf)
<use The_Kentucky_Derby_is_Decadent_and_Depraved/The_Kentucky_Derby_is_Decadent_and_Depraved.pdf, page 5>
Package luatex.def Info: The_Kentucky_Derby_is_Decadent_and_Depraved/The_Kentucky_Derby_is_Decadent_and_Depraved.pdf , page5 used on input line 81.
(luatex.def)             Requested size: 597.53416pt x 845.08371pt.
File: The_Kentucky_Derby_is_Decadent_and_Depraved/The_Kentucky_Derby_is_Decadent_and_Depraved.pdf Graphic file (type pdf)
<use The_Kentucky_Derby_is_Decadent_and_Depraved/The_Kentucky_Derby_is_Decadent_and_Depraved.pdf, page 5>
Package luatex.def Info: The_Kentucky_Derby_is_Decadent_and_Depraved/The_Kentucky_Derby_is_Decadent_and_Depraved.pdf , page5 used on input line 81.
(luatex.def)             Requested size: 597.53416pt x 845.08371pt.
File: The_Kentucky_Derby_is_Decadent_and_Depraved/The_Kentucky_Derby_is_Decadent_and_Depraved.pdf Graphic file (type pdf)
<use The_Kentucky_Derby_is_Decadent_and_Depraved/The_Kentucky_Derby_is_Decadent_and_Depraved.pdf, page 5>
Package luatex.def Info: The_Kentucky_Derby_is_Decadent_and_Depraved/The_Kentucky_Derby_is_Decadent_and_Depraved.pdf , page5 used on input line 81.
(luatex.def)             Requested size: 597.53416pt x 845.08371pt.
 [24

<./The_Kentucky_Derby_is_Decadent_and_Depraved/The_Kentucky_Derby_is_Decadent_and_Depraved.pdf>]
<The_Kentucky_Derby_is_Decadent_and_Depraved/The_Kentucky_Derby_is_Decadent_and_Depraved.pdf, id=317, page=6, 597.50829pt x 845.04709pt>
File: The_Kentucky_Derby_is_Decadent_and_Depraved/The_Kentucky_Derby_is_Decadent_and_Depraved.pdf Graphic file (type pdf)
<use The_Kentucky_Derby_is_Decadent_and_Depraved/The_Kentucky_Derby_is_Decadent_and_Depraved.pdf, page 6>
Package luatex.def Info: The_Kentucky_Derby_is_Decadent_and_Depraved/The_Kentucky_Derby_is_Decadent_and_Depraved.pdf , page6 used on input line 81.
(luatex.def)             Requested size: 597.53416pt x 845.08371pt.
File: The_Kentucky_Derby_is_Decadent_and_Depraved/The_Kentucky_Derby_is_Decadent_and_Depraved.pdf Graphic file (type pdf)
<use The_Kentucky_Derby_is_Decadent_and_Depraved/The_Kentucky_Derby_is_Decadent_and_Depraved.pdf, page 6>
Package luatex.def Info: The_Kentucky_Derby_is_Decadent_and_Depraved/The_Kentucky_Derby_is_Decadent_and_Depraved.pdf , page6 used on input line 81.
(luatex.def)             Requested size: 597.53416pt x 845.08371pt.
File: The_Kentucky_Derby_is_Decadent_and_Depraved/The_Kentucky_Derby_is_Decadent_and_Depraved.pdf Graphic file (type pdf)
<use The_Kentucky_Derby_is_Decadent_and_Depraved/The_Kentucky_Derby_is_Decadent_and_Depraved.pdf, page 6>
Package luatex.def Info: The_Kentucky_Derby_is_Decadent_and_Depraved/The_Kentucky_Derby_is_Decadent_and_Depraved.pdf , page6 used on input line 81.
(luatex.def)             Requested size: 597.53416pt x 845.08371pt.
 [25

<./The_Kentucky_Derby_is_Decadent_and_Depraved/The_Kentucky_Derby_is_Decadent_and_Depraved.pdf>]
<The_Kentucky_Derby_is_Decadent_and_Depraved/The_Kentucky_Derby_is_Decadent_and_Depraved.pdf, id=322, page=7, 597.50829pt x 845.04709pt>
File: The_Kentucky_Derby_is_Decadent_and_Depraved/The_Kentucky_Derby_is_Decadent_and_Depraved.pdf Graphic file (type pdf)
<use The_Kentucky_Derby_is_Decadent_and_Depraved/The_Kentucky_Derby_is_Decadent_and_Depraved.pdf, page 7>
Package luatex.def Info: The_Kentucky_Derby_is_Decadent_and_Depraved/The_Kentucky_Derby_is_Decadent_and_Depraved.pdf , page7 used on input line 81.
(luatex.def)             Requested size: 597.53416pt x 845.08371pt.
File: The_Kentucky_Derby_is_Decadent_and_Depraved/The_Kentucky_Derby_is_Decadent_and_Depraved.pdf Graphic file (type pdf)
<use The_Kentucky_Derby_is_Decadent_and_Depraved/The_Kentucky_Derby_is_Decadent_and_Depraved.pdf, page 7>
Package luatex.def Info: The_Kentucky_Derby_is_Decadent_and_Depraved/The_Kentucky_Derby_is_Decadent_and_Depraved.pdf , page7 used on input line 81.
(luatex.def)             Requested size: 597.53416pt x 845.08371pt.
File: The_Kentucky_Derby_is_Decadent_and_Depraved/The_Kentucky_Derby_is_Decadent_and_Depraved.pdf Graphic file (type pdf)
<use The_Kentucky_Derby_is_Decadent_and_Depraved/The_Kentucky_Derby_is_Decadent_and_Depraved.pdf, page 7>
Package luatex.def Info: The_Kentucky_Derby_is_Decadent_and_Depraved/The_Kentucky_Derby_is_Decadent_and_Depraved.pdf , page7 used on input line 81.
(luatex.def)             Requested size: 597.53416pt x 845.08371pt.
 [26

<./The_Kentucky_Derby_is_Decadent_and_Depraved/The_Kentucky_Derby_is_Decadent_and_Depraved.pdf>]
<The_Kentucky_Derby_is_Decadent_and_Depraved/The_Kentucky_Derby_is_Decadent_and_Depraved.pdf, id=327, page=8, 597.50829pt x 845.04709pt>
File: The_Kentucky_Derby_is_Decadent_and_Depraved/The_Kentucky_Derby_is_Decadent_and_Depraved.pdf Graphic file (type pdf)
<use The_Kentucky_Derby_is_Decadent_and_Depraved/The_Kentucky_Derby_is_Decadent_and_Depraved.pdf, page 8>
Package luatex.def Info: The_Kentucky_Derby_is_Decadent_and_Depraved/The_Kentucky_Derby_is_Decadent_and_Depraved.pdf , page8 used on input line 81.
(luatex.def)             Requested size: 597.53416pt x 845.08371pt.
File: The_Kentucky_Derby_is_Decadent_and_Depraved/The_Kentucky_Derby_is_Decadent_and_Depraved.pdf Graphic file (type pdf)
<use The_Kentucky_Derby_is_Decadent_and_Depraved/The_Kentucky_Derby_is_Decadent_and_Depraved.pdf, page 8>
Package luatex.def Info: The_Kentucky_Derby_is_Decadent_and_Depraved/The_Kentucky_Derby_is_Decadent_and_Depraved.pdf , page8 used on input line 81.
(luatex.def)             Requested size: 597.53416pt x 845.08371pt.
File: The_Kentucky_Derby_is_Decadent_and_Depraved/The_Kentucky_Derby_is_Decadent_and_Depraved.pdf Graphic file (type pdf)
<use The_Kentucky_Derby_is_Decadent_and_Depraved/The_Kentucky_Derby_is_Decadent_and_Depraved.pdf, page 8>
Package luatex.def Info: The_Kentucky_Derby_is_Decadent_and_Depraved/The_Kentucky_Derby_is_Decadent_and_Depraved.pdf , page8 used on input line 81.
(luatex.def)             Requested size: 597.53416pt x 845.08371pt.
 [27

<./The_Kentucky_Derby_is_Decadent_and_Depraved/The_Kentucky_Derby_is_Decadent_and_Depraved.pdf>]
<The_Kentucky_Derby_is_Decadent_and_Depraved/The_Kentucky_Derby_is_Decadent_and_Depraved.pdf, id=333, page=9, 597.50829pt x 845.04709pt>
File: The_Kentucky_Derby_is_Decadent_and_Depraved/The_Kentucky_Derby_is_Decadent_and_Depraved.pdf Graphic file (type pdf)
<use The_Kentucky_Derby_is_Decadent_and_Depraved/The_Kentucky_Derby_is_Decadent_and_Depraved.pdf, page 9>
Package luatex.def Info: The_Kentucky_Derby_is_Decadent_and_Depraved/The_Kentucky_Derby_is_Decadent_and_Depraved.pdf , page9 used on input line 81.
(luatex.def)             Requested size: 597.53416pt x 845.08371pt.
File: The_Kentucky_Derby_is_Decadent_and_Depraved/The_Kentucky_Derby_is_Decadent_and_Depraved.pdf Graphic file (type pdf)
<use The_Kentucky_Derby_is_Decadent_and_Depraved/The_Kentucky_Derby_is_Decadent_and_Depraved.pdf, page 9>
Package luatex.def Info: The_Kentucky_Derby_is_Decadent_and_Depraved/The_Kentucky_Derby_is_Decadent_and_Depraved.pdf , page9 used on input line 81.
(luatex.def)             Requested size: 597.53416pt x 845.08371pt.
File: The_Kentucky_Derby_is_Decadent_and_Depraved/The_Kentucky_Derby_is_Decadent_and_Depraved.pdf Graphic file (type pdf)
<use The_Kentucky_Derby_is_Decadent_and_Depraved/The_Kentucky_Derby_is_Decadent_and_Depraved.pdf, page 9>
Package luatex.def Info: The_Kentucky_Derby_is_Decadent_and_Depraved/The_Kentucky_Derby_is_Decadent_and_Depraved.pdf , page9 used on input line 81.
(luatex.def)             Requested size: 597.53416pt x 845.08371pt.
 [28

<./The_Kentucky_Derby_is_Decadent_and_Depraved/The_Kentucky_Derby_is_Decadent_and_Depraved.pdf>]
<The_Kentucky_Derby_is_Decadent_and_Depraved/The_Kentucky_Derby_is_Decadent_and_Depraved.pdf, id=339, page=10, 597.50829pt x 845.04709pt>
File: The_Kentucky_Derby_is_Decadent_and_Depraved/The_Kentucky_Derby_is_Decadent_and_Depraved.pdf Graphic file (type pdf)
<use The_Kentucky_Derby_is_Decadent_and_Depraved/The_Kentucky_Derby_is_Decadent_and_Depraved.pdf, page 10>
Package luatex.def Info: The_Kentucky_Derby_is_Decadent_and_Depraved/The_Kentucky_Derby_is_Decadent_and_Depraved.pdf , page10 used on input line 81.
(luatex.def)             Requested size: 597.53416pt x 845.08371pt.
File: The_Kentucky_Derby_is_Decadent_and_Depraved/The_Kentucky_Derby_is_Decadent_and_Depraved.pdf Graphic file (type pdf)
<use The_Kentucky_Derby_is_Decadent_and_Depraved/The_Kentucky_Derby_is_Decadent_and_Depraved.pdf, page 10>
Package luatex.def Info: The_Kentucky_Derby_is_Decadent_and_Depraved/The_Kentucky_Derby_is_Decadent_and_Depraved.pdf , page10 used on input line 81.
(luatex.def)             Requested size: 597.53416pt x 845.08371pt.
File: The_Kentucky_Derby_is_Decadent_and_Depraved/The_Kentucky_Derby_is_Decadent_and_Depraved.pdf Graphic file (type pdf)
<use The_Kentucky_Derby_is_Decadent_and_Depraved/The_Kentucky_Derby_is_Decadent_and_Depraved.pdf, page 10>
Package luatex.def Info: The_Kentucky_Derby_is_Decadent_and_Depraved/The_Kentucky_Derby_is_Decadent_and_Depraved.pdf , page10 used on input line 81.
(luatex.def)             Requested size: 597.53416pt x 845.08371pt.
 [29

<./The_Kentucky_Derby_is_Decadent_and_Depraved/The_Kentucky_Derby_is_Decadent_and_Depraved.pdf>]
<The_Kentucky_Derby_is_Decadent_and_Depraved/The_Kentucky_Derby_is_Decadent_and_Depraved.pdf, id=352, page=11, 597.50829pt x 845.04709pt>
File: The_Kentucky_Derby_is_Decadent_and_Depraved/The_Kentucky_Derby_is_Decadent_and_Depraved.pdf Graphic file (type pdf)
<use The_Kentucky_Derby_is_Decadent_and_Depraved/The_Kentucky_Derby_is_Decadent_and_Depraved.pdf, page 11>
Package luatex.def Info: The_Kentucky_Derby_is_Decadent_and_Depraved/The_Kentucky_Derby_is_Decadent_and_Depraved.pdf , page11 used on input line 81.
(luatex.def)             Requested size: 597.53416pt x 845.08371pt.
File: The_Kentucky_Derby_is_Decadent_and_Depraved/The_Kentucky_Derby_is_Decadent_and_Depraved.pdf Graphic file (type pdf)
<use The_Kentucky_Derby_is_Decadent_and_Depraved/The_Kentucky_Derby_is_Decadent_and_Depraved.pdf, page 11>
Package luatex.def Info: The_Kentucky_Derby_is_Decadent_and_Depraved/The_Kentucky_Derby_is_Decadent_and_Depraved.pdf , page11 used on input line 81.
(luatex.def)             Requested size: 597.53416pt x 845.08371pt.
File: The_Kentucky_Derby_is_Decadent_and_Depraved/The_Kentucky_Derby_is_Decadent_and_Depraved.pdf Graphic file (type pdf)
<use The_Kentucky_Derby_is_Decadent_and_Depraved/The_Kentucky_Derby_is_Decadent_and_Depraved.pdf, page 11>
Package luatex.def Info: The_Kentucky_Derby_is_Decadent_and_Depraved/The_Kentucky_Derby_is_Decadent_and_Depraved.pdf , page11 used on input line 81.
(luatex.def)             Requested size: 597.53416pt x 845.08371pt.
 [30

<./The_Kentucky_Derby_is_Decadent_and_Depraved/The_Kentucky_Derby_is_Decadent_and_Depraved.pdf>]
<The_Kentucky_Derby_is_Decadent_and_Depraved/The_Kentucky_Derby_is_Decadent_and_Depraved.pdf, id=357, page=12, 597.50829pt x 845.04709pt>
File: The_Kentucky_Derby_is_Decadent_and_Depraved/The_Kentucky_Derby_is_Decadent_and_Depraved.pdf Graphic file (type pdf)
<use The_Kentucky_Derby_is_Decadent_and_Depraved/The_Kentucky_Derby_is_Decadent_and_Depraved.pdf, page 12>
Package luatex.def Info: The_Kentucky_Derby_is_Decadent_and_Depraved/The_Kentucky_Derby_is_Decadent_and_Depraved.pdf , page12 used on input line 81.
(luatex.def)             Requested size: 597.53416pt x 845.08371pt.
File: The_Kentucky_Derby_is_Decadent_and_Depraved/The_Kentucky_Derby_is_Decadent_and_Depraved.pdf Graphic file (type pdf)
<use The_Kentucky_Derby_is_Decadent_and_Depraved/The_Kentucky_Derby_is_Decadent_and_Depraved.pdf, page 12>
Package luatex.def Info: The_Kentucky_Derby_is_Decadent_and_Depraved/The_Kentucky_Derby_is_Decadent_and_Depraved.pdf , page12 used on input line 81.
(luatex.def)             Requested size: 597.53416pt x 845.08371pt.
File: The_Kentucky_Derby_is_Decadent_and_Depraved/The_Kentucky_Derby_is_Decadent_and_Depraved.pdf Graphic file (type pdf)
<use The_Kentucky_Derby_is_Decadent_and_Depraved/The_Kentucky_Derby_is_Decadent_and_Depraved.pdf, page 12>
Package luatex.def Info: The_Kentucky_Derby_is_Decadent_and_Depraved/The_Kentucky_Derby_is_Decadent_and_Depraved.pdf , page12 used on input line 81.
(luatex.def)             Requested size: 597.53416pt x 845.08371pt.
 [31

<./The_Kentucky_Derby_is_Decadent_and_Depraved/The_Kentucky_Derby_is_Decadent_and_Depraved.pdf>]
<../ressourcer/S-Town/S-Town.pdf, id=362, 597.50829pt x 845.04709pt>
File: ../ressourcer/S-Town/S-Town.pdf Graphic file (type pdf)
<use ../ressourcer/S-Town/S-Town.pdf>
Package luatex.def Info: ../ressourcer/S-Town/S-Town.pdf  used on input line 86.
(luatex.def)             Requested size: 597.50682pt x 845.04503pt.
<../ressourcer/S-Town/S-Town.pdf, id=364, page=1, 597.50829pt x 845.04709pt>
File: ../ressourcer/S-Town/S-Town.pdf Graphic file (type pdf)
<use ../ressourcer/S-Town/S-Town.pdf, page 1>
Package luatex.def Info: ../ressourcer/S-Town/S-Town.pdf , page1 used on input line 86.
(luatex.def)             Requested size: 597.50682pt x 845.04503pt.
File: ../ressourcer/S-Town/S-Town.pdf Graphic file (type pdf)
<use ../ressourcer/S-Town/S-Town.pdf, page 1>
Package luatex.def Info: ../ressourcer/S-Town/S-Town.pdf , page1 used on input line 86.
(luatex.def)             Requested size: 597.53416pt x 845.08371pt.
File: ../ressourcer/S-Town/S-Town.pdf Graphic file (type pdf)
<use ../ressourcer/S-Town/S-Town.pdf, page 1>
Package luatex.def Info: ../ressourcer/S-Town/S-Town.pdf , page1 used on input line 86.
(luatex.def)             Requested size: 597.53416pt x 845.08371pt.
File: ../ressourcer/S-Town/S-Town.pdf Graphic file (type pdf)
<use ../ressourcer/S-Town/S-Town.pdf, page 1>
Package luatex.def Info: ../ressourcer/S-Town/S-Town.pdf , page1 used on input line 86.
(luatex.def)             Requested size: 597.53416pt x 845.08371pt.
File: ../ressourcer/S-Town/S-Town.pdf Graphic file (type pdf)
<use ../ressourcer/S-Town/S-Town.pdf, page 1>
Package luatex.def Info: ../ressourcer/S-Town/S-Town.pdf , page1 used on input line 86.
(luatex.def)             Requested size: 597.53416pt x 845.08371pt.
 [32

<../ressourcer/S-Town/S-Town.pdf>]
<A_Rose_for_Emily/A_Rose_for_Emily.pdf, id=388, 597.50829pt x 845.04709pt>
File: A_Rose_for_Emily/A_Rose_for_Emily.pdf Graphic file (type pdf)
<use A_Rose_for_Emily/A_Rose_for_Emily.pdf>
Package luatex.def Info: A_Rose_for_Emily/A_Rose_for_Emily.pdf  used on input line 92.
(luatex.def)             Requested size: 597.50682pt x 845.04503pt.
<A_Rose_for_Emily/A_Rose_for_Emily.pdf, id=390, page=1, 597.50829pt x 845.04709pt>
File: A_Rose_for_Emily/A_Rose_for_Emily.pdf Graphic file (type pdf)
<use A_Rose_for_Emily/A_Rose_for_Emily.pdf, page 1>
Package luatex.def Info: A_Rose_for_Emily/A_Rose_for_Emily.pdf , page1 used on input line 92.
(luatex.def)             Requested size: 597.50682pt x 845.04503pt.
File: A_Rose_for_Emily/A_Rose_for_Emily.pdf Graphic file (type pdf)
<use A_Rose_for_Emily/A_Rose_for_Emily.pdf, page 1>
Package luatex.def Info: A_Rose_for_Emily/A_Rose_for_Emily.pdf , page1 used on input line 92.
(luatex.def)             Requested size: 597.53416pt x 845.08371pt.
File: A_Rose_for_Emily/A_Rose_for_Emily.pdf Graphic file (type pdf)
<use A_Rose_for_Emily/A_Rose_for_Emily.pdf, page 1>
Package luatex.def Info: A_Rose_for_Emily/A_Rose_for_Emily.pdf , page1 used on input line 92.
(luatex.def)             Requested size: 597.53416pt x 845.08371pt.
File: A_Rose_for_Emily/A_Rose_for_Emily.pdf Graphic file (type pdf)
<use A_Rose_for_Emily/A_Rose_for_Emily.pdf, page 1>
Package luatex.def Info: A_Rose_for_Emily/A_Rose_for_Emily.pdf , page1 used on input line 92.
(luatex.def)             Requested size: 597.53416pt x 845.08371pt.
File: A_Rose_for_Emily/A_Rose_for_Emily.pdf Graphic file (type pdf)
<use A_Rose_for_Emily/A_Rose_for_Emily.pdf, page 1>
Package luatex.def Info: A_Rose_for_Emily/A_Rose_for_Emily.pdf , page1 used on input line 92.
(luatex.def)             Requested size: 597.53416pt x 845.08371pt.
 [33

<./A_Rose_for_Emily/A_Rose_for_Emily.pdf>]
<A_Rose_for_Emily/A_Rose_for_Emily.pdf, id=426, page=2, 597.50829pt x 845.04709pt>
File: A_Rose_for_Emily/A_Rose_for_Emily.pdf Graphic file (type pdf)
<use A_Rose_for_Emily/A_Rose_for_Emily.pdf, page 2>
Package luatex.def Info: A_Rose_for_Emily/A_Rose_for_Emily.pdf , page2 used on input line 92.
(luatex.def)             Requested size: 597.53416pt x 845.08371pt.
File: A_Rose_for_Emily/A_Rose_for_Emily.pdf Graphic file (type pdf)
<use A_Rose_for_Emily/A_Rose_for_Emily.pdf, page 2>
Package luatex.def Info: A_Rose_for_Emily/A_Rose_for_Emily.pdf , page2 used on input line 92.
(luatex.def)             Requested size: 597.53416pt x 845.08371pt.
File: A_Rose_for_Emily/A_Rose_for_Emily.pdf Graphic file (type pdf)
<use A_Rose_for_Emily/A_Rose_for_Emily.pdf, page 2>
Package luatex.def Info: A_Rose_for_Emily/A_Rose_for_Emily.pdf , page2 used on input line 92.
(luatex.def)             Requested size: 597.53416pt x 845.08371pt.
 [34

<./A_Rose_for_Emily/A_Rose_for_Emily.pdf>]
<A_Rose_for_Emily/A_Rose_for_Emily.pdf, id=431, page=3, 597.50829pt x 845.04709pt>
File: A_Rose_for_Emily/A_Rose_for_Emily.pdf Graphic file (type pdf)
<use A_Rose_for_Emily/A_Rose_for_Emily.pdf, page 3>
Package luatex.def Info: A_Rose_for_Emily/A_Rose_for_Emily.pdf , page3 used on input line 92.
(luatex.def)             Requested size: 597.53416pt x 845.08371pt.
File: A_Rose_for_Emily/A_Rose_for_Emily.pdf Graphic file (type pdf)
<use A_Rose_for_Emily/A_Rose_for_Emily.pdf, page 3>
Package luatex.def Info: A_Rose_for_Emily/A_Rose_for_Emily.pdf , page3 used on input line 92.
(luatex.def)             Requested size: 597.53416pt x 845.08371pt.
File: A_Rose_for_Emily/A_Rose_for_Emily.pdf Graphic file (type pdf)
<use A_Rose_for_Emily/A_Rose_for_Emily.pdf, page 3>
Package luatex.def Info: A_Rose_for_Emily/A_Rose_for_Emily.pdf , page3 used on input line 92.
(luatex.def)             Requested size: 597.53416pt x 845.08371pt.
 [35

<./A_Rose_for_Emily/A_Rose_for_Emily.pdf>]
<A_Rose_for_Emily/A_Rose_for_Emily.pdf, id=436, page=4, 597.50829pt x 845.04709pt>
File: A_Rose_for_Emily/A_Rose_for_Emily.pdf Graphic file (type pdf)
<use A_Rose_for_Emily/A_Rose_for_Emily.pdf, page 4>
Package luatex.def Info: A_Rose_for_Emily/A_Rose_for_Emily.pdf , page4 used on input line 92.
(luatex.def)             Requested size: 597.53416pt x 845.08371pt.
File: A_Rose_for_Emily/A_Rose_for_Emily.pdf Graphic file (type pdf)
<use A_Rose_for_Emily/A_Rose_for_Emily.pdf, page 4>
Package luatex.def Info: A_Rose_for_Emily/A_Rose_for_Emily.pdf , page4 used on input line 92.
(luatex.def)             Requested size: 597.53416pt x 845.08371pt.
File: A_Rose_for_Emily/A_Rose_for_Emily.pdf Graphic file (type pdf)
<use A_Rose_for_Emily/A_Rose_for_Emily.pdf, page 4>
Package luatex.def Info: A_Rose_for_Emily/A_Rose_for_Emily.pdf , page4 used on input line 92.
(luatex.def)             Requested size: 597.53416pt x 845.08371pt.
 [36

<./A_Rose_for_Emily/A_Rose_for_Emily.pdf>]
<A_Rose_for_Emily/A_Rose_for_Emily.pdf, id=441, page=5, 597.50829pt x 845.04709pt>
File: A_Rose_for_Emily/A_Rose_for_Emily.pdf Graphic file (type pdf)
<use A_Rose_for_Emily/A_Rose_for_Emily.pdf, page 5>
Package luatex.def Info: A_Rose_for_Emily/A_Rose_for_Emily.pdf , page5 used on input line 92.
(luatex.def)             Requested size: 597.53416pt x 845.08371pt.
File: A_Rose_for_Emily/A_Rose_for_Emily.pdf Graphic file (type pdf)
<use A_Rose_for_Emily/A_Rose_for_Emily.pdf, page 5>
Package luatex.def Info: A_Rose_for_Emily/A_Rose_for_Emily.pdf , page5 used on input line 92.
(luatex.def)             Requested size: 597.53416pt x 845.08371pt.
File: A_Rose_for_Emily/A_Rose_for_Emily.pdf Graphic file (type pdf)
<use A_Rose_for_Emily/A_Rose_for_Emily.pdf, page 5>
Package luatex.def Info: A_Rose_for_Emily/A_Rose_for_Emily.pdf , page5 used on input line 92.
(luatex.def)             Requested size: 597.53416pt x 845.08371pt.
 [37

<./A_Rose_for_Emily/A_Rose_for_Emily.pdf>]
<A_Rose_for_Emily/A_Rose_for_Emily.pdf, id=447, page=6, 597.50829pt x 845.04709pt>
File: A_Rose_for_Emily/A_Rose_for_Emily.pdf Graphic file (type pdf)
<use A_Rose_for_Emily/A_Rose_for_Emily.pdf, page 6>
Package luatex.def Info: A_Rose_for_Emily/A_Rose_for_Emily.pdf , page6 used on input line 92.
(luatex.def)             Requested size: 597.53416pt x 845.08371pt.
File: A_Rose_for_Emily/A_Rose_for_Emily.pdf Graphic file (type pdf)
<use A_Rose_for_Emily/A_Rose_for_Emily.pdf, page 6>
Package luatex.def Info: A_Rose_for_Emily/A_Rose_for_Emily.pdf , page6 used on input line 92.
(luatex.def)             Requested size: 597.53416pt x 845.08371pt.
File: A_Rose_for_Emily/A_Rose_for_Emily.pdf Graphic file (type pdf)
<use A_Rose_for_Emily/A_Rose_for_Emily.pdf, page 6>
Package luatex.def Info: A_Rose_for_Emily/A_Rose_for_Emily.pdf , page6 used on input line 92.
(luatex.def)             Requested size: 597.53416pt x 845.08371pt.
 [38

<./A_Rose_for_Emily/A_Rose_for_Emily.pdf>]
<A_Rose_for_Emily/A_Rose_for_Emily.pdf, id=452, page=7, 597.50829pt x 845.04709pt>
File: A_Rose_for_Emily/A_Rose_for_Emily.pdf Graphic file (type pdf)
<use A_Rose_for_Emily/A_Rose_for_Emily.pdf, page 7>
Package luatex.def Info: A_Rose_for_Emily/A_Rose_for_Emily.pdf , page7 used on input line 92.
(luatex.def)             Requested size: 597.53416pt x 845.08371pt.
File: A_Rose_for_Emily/A_Rose_for_Emily.pdf Graphic file (type pdf)
<use A_Rose_for_Emily/A_Rose_for_Emily.pdf, page 7>
Package luatex.def Info: A_Rose_for_Emily/A_Rose_for_Emily.pdf , page7 used on input line 92.
(luatex.def)             Requested size: 597.53416pt x 845.08371pt.
File: A_Rose_for_Emily/A_Rose_for_Emily.pdf Graphic file (type pdf)
<use A_Rose_for_Emily/A_Rose_for_Emily.pdf, page 7>
Package luatex.def Info: A_Rose_for_Emily/A_Rose_for_Emily.pdf , page7 used on input line 92.
(luatex.def)             Requested size: 597.53416pt x 845.08371pt.
 [39

<./A_Rose_for_Emily/A_Rose_for_Emily.pdf>] (./index.aux)
 ***********
LaTeX2e <2025-11-01>
L3 programming layer <2026-01-19>
 ***********
Package rerunfilecheck Info: File `index.out' has not changed.
(rerunfilecheck)             Checksum: A16DE449015BAAF01BAD9030BB6835B3;1727.
)

Here is how much of LuaTeX's memory you used:
 15153 strings out of 476076
 100000,794899 words of node,token memory allocated
 442 words of node memory still in use:
   3 hlist, 1 vlist, 1 rule, 2 glue, 3 kern, 1 glyph, 7 attribute, 54 glue_spec, 4 attribute_list, 1 write nodes
   avail lists: 2:376,3:110,4:38,5:171,6:36,7:976,8:1,9:181,10:4,11:37
 36922 multiletter control sequences out of 65536+600000
 55 fonts using 8576527 bytes
 73i,17n,92p,445b,592s stack positions out of 10000i,1000n,20000p,200000b,200000s
</Users/andersthaysen/Library/Fonts/EBGaramond-Italic-VariableFont_wght.ttf></Users/andersthaysen/Library/Fonts/EBGaramond-VariableFont_wght.ttf></Users/andersthaysen/Library/Fonts/PlantinMTProSmBd.TTF></Users/andersthaysen/Library/Fonts/PlantinMTProCnBd.TTF>
Output written on index.pdf (43 pages, 1029527 bytes).

PDF statistics: 490 PDF objects out of 1000 (max. 8388607)
 311 compressed objects within 4 object streams
 54 named destinations out of 1000 (max. 131072)
 73 words of extra memory for PDF output out of 10000 (max. 100000000)

